###############################################################################
#
# IAR ELF Linker V8.50.4.261/W32 for ARM                  09/Apr/2021  18:04:14
# Copyright 2007-2020 IAR Systems AB.
#
#    Output file  =  D:\workspace\Fan_controller\Class_C\Exe\Fan_controller.out
#    Map file     =
#        D:\workspace\Fan_controller\Class_C\List\Fan_controller.map
#    Command line =
#        -f C:\Users\1FB5~1\AppData\Local\Temp\EW8AA2.tmp
#        (D:\workspace\Fan_controller\Class_C\Obj\cayenne_lpp.o
#        D:\workspace\Fan_controller\Class_C\Obj\clock.o
#        D:\workspace\Fan_controller\Class_C\Obj\croutine.o
#        D:\workspace\Fan_controller\Class_C\Obj\event_groups.o
#        D:\workspace\Fan_controller\Class_C\Obj\gpio.o
#        D:\workspace\Fan_controller\Class_C\Obj\heap_1.o
#        D:\workspace\Fan_controller\Class_C\Obj\list.o
#        D:\workspace\Fan_controller\Class_C\Obj\main.o
#        D:\workspace\Fan_controller\Class_C\Obj\modemRHF78-052.o
#        D:\workspace\Fan_controller\Class_C\Obj\port.o
#        D:\workspace\Fan_controller\Class_C\Obj\portasm.o
#        D:\workspace\Fan_controller\Class_C\Obj\queue.o
#        D:\workspace\Fan_controller\Class_C\Obj\RingFIFO.o
#        D:\workspace\Fan_controller\Class_C\Obj\startup_stm32f103xb.o
#        D:\workspace\Fan_controller\Class_C\Obj\stream_buffer.o
#        D:\workspace\Fan_controller\Class_C\Obj\system_stm32f1xx.o
#        D:\workspace\Fan_controller\Class_C\Obj\tasks.o
#        D:\workspace\Fan_controller\Class_C\Obj\timer.o
#        D:\workspace\Fan_controller\Class_C\Obj\timers.o
#        D:\workspace\Fan_controller\Class_C\Obj\uart.o --no_out_extension -o
#        D:\workspace\Fan_controller\Class_C\Exe\Fan_controller.out --redirect
#        _Printf=_PrintfFullNoMb --redirect _Scanf=_ScanfFullNoMb --map
#        D:\workspace\Fan_controller\Class_C\List\Fan_controller.map --config
#        "C:\Program Files (x86)\IAR Systems\Embedded Workbench
#        8.4\arm\config\linker\ST\stm32f103x8.icf" --semihosting --entry
#        __iar_program_start --vfe --text_out locale)
#
###############################################################################

*******************************************************************************
*** RUNTIME MODEL ATTRIBUTES
***

CppFlavor       = *
__SystemLibrary = DLib
__dlib_version  = 6


*******************************************************************************
*** HEAP SELECTION
***

The basic heap was selected because some modules are built with
size limitations (and not runtime checking), and --advanced_heap
was not specified.


*******************************************************************************
*** PLACEMENT SUMMARY
***

"A0":  place at address 0x800'0000 { ro section .intvec };
"P1":  place in [from 0x800'0000 to 0x800'ffff] { ro };
define block CSTACK with size = 2K, alignment = 8 { };
define block HEAP with size = 2K, alignment = 8 { };
"P2":  place in [from 0x2000'0000 to 0x2000'4fff] {
          rw, block CSTACK, block HEAP };
initialize by copy { rw };

  Section            Kind         Address    Size  Object
  -------            ----         -------    ----  ------
"A0":                                        0xec
  .intvec            ro code   0x800'0000    0xec  startup_stm32f103xb.o [1]
                             - 0x800'00ec    0xec

"P1":                                      0x39f0
  .text              ro code   0x800'00ec   0xfa6  xprintffull_nomb.o [2]
  .text              ro code   0x800'1092    0x3a  zero_init3.o [4]
  .text              ro code   0x800'10cc    0x16  strchr.o [4]
  .text              ro code   0x800'10e2    0x2e  copy_init3.o [4]
  .text              ro code   0x800'1110    0x40  xfail_s.o [2]
  .text              ro code   0x800'1150    0x36  strlen.o [4]
  .text              ro code   0x800'1188    0x58  memchr.o [4]
  .text              ro code   0x800'11e0    0xa6  ABImemcpy.o [4]
  .text              ro code   0x800'1288    0x70  frexp.o [3]
  .text              ro code   0x800'12f8    0x2e  DblCmpLe.o [3]
  .text              ro code   0x800'1328    0x2e  DblCmpGe.o [3]
  .text              ro code   0x800'1358   0x13a  ldexp.o [3]
  .text              ro code   0x800'1494    0x3a  DblToS32.o [3]
  .text              ro code   0x800'14d0    0x22  S32ToDbl.o [3]
  .text              ro code   0x800'14f4    0xe2  DblSub.o [3]
  .text              ro code   0x800'15d8   0x246  DblDiv.o [3]
  .text              ro code   0x800'1820    0x28  DblToU32.o [3]
  .text              ro code   0x800'1848    0x1a  U32ToDbl.o [3]
  .text              ro code   0x800'1864   0x1a2  DblMul.o [3]
  .text              ro code   0x800'1a08   0x230  I64DivMod.o [4]
  .text              ro code   0x800'1c38     0x6  abort.o [2]
  .text              ro code   0x800'1c40   0x16a  DblAdd.o [3]
  .text              ro code   0x800'1dac     0x2  I64DivZer.o [4]
  .text              ro code   0x800'1db0    0x14  exit.o [5]
  .text              ro code   0x800'1dc4    0x7c  iarttio.o [5]
  .text              ro code   0x800'1e40    0x3c  XShttio.o [2]
  .text              ro code   0x800'1e7c   0x6ec  tasks.o [1]
  .text              ro code   0x800'2568    0x68  heap_1.o [1]
  .text              ro code   0x800'25d0    0x98  list.o [1]
  .text              ro code   0x800'2668    0xe4  port.o [1]
  CODE               ro code   0x800'274c    0x88  portasm.o [1]
  .text              ro code   0x800'27d4   0x3ac  timer.o [1]
  .text              ro code   0x800'2b80    0x68  DblToFlt.o [3]
  .text              ro code   0x800'2be8    0x48  FltToDbl.o [3]
  .text              ro code   0x800'2c30    0x28  printf.o [2]
  .text              ro code   0x800'2c58    0xb8  gpio.o [1]
  .text              ro code   0x800'2d10   0x2da  queue.o [1]
  .text              ro code   0x800'2fec   0x224  uart.o [1]
  .text              ro code   0x800'3210    0x9a  RingFIFO.o [1]
  .text              ro code   0x800'32ac   0x138  main.o [1]
  .text              ro code   0x800'33e4    0xec  clock.o [1]
  .text              ro code   0x800'34d0    0x66  ABImemset.o [4]
  .text              ro code   0x800'3538    0xf8  cayenne_lpp.o [1]
  .text              ro code   0x800'3630    0x24  ABIassert.o [5]
  .text              ro code   0x800'3654    0xd8  FltMul.o [3]
  .text              ro code   0x800'372c    0x2a  FltToS32.o [3]
  .text              ro code   0x800'3758    0x58  system_stm32f1xx.o [1]
  .rodata            const     0x800'37b0    0x2c  cayenne_lpp.o [1]
  .rodata            const     0x800'37dc    0x28  main.o [1]
  .text              ro code   0x800'3804    0x28  data_init.o [4]
  .text              ro code   0x800'382c    0x22  iarwrite.o [5]
  .iar.init_table    const     0x800'3850    0x24  - Linker created -
  .rodata            const     0x800'3874    0x20  cayenne_lpp.o [1]
  .rodata            const     0x800'3894    0x20  cayenne_lpp.o [1]
  .text              ro code   0x800'38b4    0x20  putchar.o [2]
  .text              ro code   0x800'38d4    0x10  write.o [5]
  .text              ro code   0x800'38e4    0x1e  dwrite.o [5]
  .text              ro code   0x800'3902    0x20  iarwstd.o [5]
  .text              ro code   0x800'3924    0x1e  cmain.o [4]
  .text              ro code   0x800'3942     0x4  low_level_init.o [2]
  .text              ro code   0x800'3946     0x4  exit.o [2]
  .text              ro code   0x800'394c     0xa  cexit.o [4]
  .rodata            const     0x800'3958    0x18  timer.o [1]
  .text              ro code   0x800'3970    0x16  xprout.o [2]
  .rodata            const     0x800'3988    0x14  timer.o [1]
  .rodata            const     0x800'399c    0x10  main.o [1]
  .text              ro code   0x800'39ac    0x10  startup_stm32f103xb.o [1]
  .rodata            const     0x800'39bc     0xc  main.o [1]
  .rodata            const     0x800'39c8     0xc  timer.o [1]
  .rodata            const     0x800'39d4     0xc  timer.o [1]
  .rodata            const     0x800'39e0     0xc  timer.o [1]
  .rodata            const     0x800'39ec     0xc  timer.o [1]
  .text              ro code   0x800'39f8     0xc  cstartup_M.o [4]
  Initializer bytes  const     0x800'3a04     0xc  <for P2-1>
  .rodata            const     0x800'3a10     0x8  tasks.o [1]
  .rodata            const     0x800'3a18     0x8  xprintffull_nomb.o [2]
  .text              ro code   0x800'3a20     0x4  startup_stm32f103xb.o [1]
  .text              ro code   0x800'3a24     0x4  startup_stm32f103xb.o [1]
  .text              ro code   0x800'3a28     0x4  startup_stm32f103xb.o [1]
  .text              ro code   0x800'3a2c     0x4  startup_stm32f103xb.o [1]
  .text              ro code   0x800'3a30     0x4  startup_stm32f103xb.o [1]
  .text              ro code   0x800'3a34     0x4  startup_stm32f103xb.o [1]
  .text              ro code   0x800'3a38     0x4  startup_stm32f103xb.o [1]
  .text              ro code   0x800'3a3c     0x4  startup_stm32f103xb.o [1]
  .text              ro code   0x800'3a40     0x4  startup_stm32f103xb.o [1]
  .text              ro code   0x800'3a44     0x4  startup_stm32f103xb.o [1]
  .text              ro code   0x800'3a48     0x4  startup_stm32f103xb.o [1]
  .text              ro code   0x800'3a4c     0x4  startup_stm32f103xb.o [1]
  .text              ro code   0x800'3a50     0x4  startup_stm32f103xb.o [1]
  .text              ro code   0x800'3a54     0x4  startup_stm32f103xb.o [1]
  .text              ro code   0x800'3a58     0x4  startup_stm32f103xb.o [1]
  .text              ro code   0x800'3a5c     0x4  startup_stm32f103xb.o [1]
  .text              ro code   0x800'3a60     0x4  startup_stm32f103xb.o [1]
  .text              ro code   0x800'3a64     0x4  startup_stm32f103xb.o [1]
  .text              ro code   0x800'3a68     0x4  startup_stm32f103xb.o [1]
  .text              ro code   0x800'3a6c     0x4  startup_stm32f103xb.o [1]
  .text              ro code   0x800'3a70     0x4  startup_stm32f103xb.o [1]
  .text              ro code   0x800'3a74     0x4  startup_stm32f103xb.o [1]
  .text              ro code   0x800'3a78     0x4  startup_stm32f103xb.o [1]
  .text              ro code   0x800'3a7c     0x4  startup_stm32f103xb.o [1]
  .text              ro code   0x800'3a80     0x4  startup_stm32f103xb.o [1]
  .text              ro code   0x800'3a84     0x4  startup_stm32f103xb.o [1]
  .text              ro code   0x800'3a88     0x4  startup_stm32f103xb.o [1]
  .text              ro code   0x800'3a8c     0x4  startup_stm32f103xb.o [1]
  .text              ro code   0x800'3a90     0x4  startup_stm32f103xb.o [1]
  .text              ro code   0x800'3a94     0x4  startup_stm32f103xb.o [1]
  .text              ro code   0x800'3a98     0x4  startup_stm32f103xb.o [1]
  .text              ro code   0x800'3a9c     0x4  startup_stm32f103xb.o [1]
  .text              ro code   0x800'3aa0     0x4  startup_stm32f103xb.o [1]
  .text              ro code   0x800'3aa4     0x4  startup_stm32f103xb.o [1]
  .text              ro code   0x800'3aa8     0x4  startup_stm32f103xb.o [1]
  .text              ro code   0x800'3aac     0x4  startup_stm32f103xb.o [1]
  .text              ro code   0x800'3ab0     0x4  startup_stm32f103xb.o [1]
  .text              ro code   0x800'3ab4     0x4  startup_stm32f103xb.o [1]
  .text              ro code   0x800'3ab8     0x4  startup_stm32f103xb.o [1]
  .text              ro code   0x800'3abc     0x4  startup_stm32f103xb.o [1]
  .text              ro code   0x800'3ac0     0x4  startup_stm32f103xb.o [1]
  .text              ro code   0x800'3ac4     0x4  startup_stm32f103xb.o [1]
  .text              ro code   0x800'3ac8     0x4  startup_stm32f103xb.o [1]
  .text              ro code   0x800'3acc     0x4  startup_stm32f103xb.o [1]
  .text              ro code   0x800'3ad0     0x4  startup_stm32f103xb.o [1]
  .text              ro code   0x800'3ad4     0x4  startup_stm32f103xb.o [1]
  .text              ro code   0x800'3ad8     0x4  startup_stm32f103xb.o [1]
  .rodata            const     0x800'3adc     0x0  zero_init3.o [4]
  .rodata            const     0x800'3adc     0x0  copy_init3.o [4]
                             - 0x800'3adc  0x39f0

"P2", part 1 of 3:                            0xc
  P2-1                        0x2000'0000     0xc  <Init block>
    .data            inited   0x2000'0000     0x4  port.o [1]
    .data            inited   0x2000'0004     0x8  XShttio.o [2]
                            - 0x2000'000c     0xc

"P2", part 2 of 3:                         0x4668
  .bss               zero     0x2000'000c  0x4400  heap_1.o [1]
  .bss               zero     0x2000'440c    0xc8  uart.o [1]
  .bss               zero     0x2000'44d4    0x64  tasks.o [1]
  .bss               zero     0x2000'4538    0x34  uart.o [1]
  .bss               zero     0x2000'456c    0x2c  timer.o [1]
  .bss               zero     0x2000'4598    0x14  tasks.o [1]
  .bss               zero     0x2000'45ac    0x14  tasks.o [1]
  .bss               zero     0x2000'45c0    0x14  tasks.o [1]
  .bss               zero     0x2000'45d4    0x14  tasks.o [1]
  .bss               zero     0x2000'45e8    0x14  tasks.o [1]
  .bss               zero     0x2000'45fc     0xc  uart.o [1]
  .bss               zero     0x2000'4608     0xc  uart.o [1]
  .bss               zero     0x2000'4614     0x8  timer.o [1]
  .bss               zero     0x2000'461c     0x4  heap_1.o [1]
  .bss               zero     0x2000'4620     0x4  heap_1.o [1]
  .bss               zero     0x2000'4624     0x4  main.o [1]
  .bss               zero     0x2000'4628     0x4  main.o [1]
  .bss               zero     0x2000'462c     0x4  main.o [1]
  .bss               zero     0x2000'4630     0x4  tasks.o [1]
  .bss               zero     0x2000'4634     0x4  tasks.o [1]
  .bss               zero     0x2000'4638     0x4  tasks.o [1]
  .bss               zero     0x2000'463c     0x4  tasks.o [1]
  .bss               zero     0x2000'4640     0x4  tasks.o [1]
  .bss               zero     0x2000'4644     0x4  tasks.o [1]
  .bss               zero     0x2000'4648     0x4  tasks.o [1]
  .bss               zero     0x2000'464c     0x4  tasks.o [1]
  .bss               zero     0x2000'4650     0x4  tasks.o [1]
  .bss               zero     0x2000'4654     0x4  tasks.o [1]
  .bss               zero     0x2000'4658     0x4  tasks.o [1]
  .bss               zero     0x2000'465c     0x4  tasks.o [1]
  .bss               zero     0x2000'4660     0x4  tasks.o [1]
  .bss               zero     0x2000'4664     0x4  tasks.o [1]
  .bss               zero     0x2000'4668     0x4  tasks.o [1]
  .bss               zero     0x2000'466c     0x4  xfail_s.o [2]
  .bss               zero     0x2000'4670     0x2  uart.o [1]
  .bss               zero     0x2000'4672     0x1  timer.o [1]
  .bss               zero     0x2000'4673     0x1  XShttio.o [2]
                            - 0x2000'4674  0x4668

"P2", part 3 of 3:                          0x800
  CSTACK                      0x2000'4678   0x800  <Block>
    CSTACK           uninit   0x2000'4678   0x800  <Block tail>
                            - 0x2000'4e78   0x800

Unused ranges:

         From           To    Size
         ----           --    ----
   0x800'3adc   0x800'ffff  0xc524
  0x2000'4674  0x2000'4677     0x4
  0x2000'4e78  0x2000'4fff   0x188


*******************************************************************************
*** INIT TABLE
***

          Address      Size
          -------      ----
Zero (__iar_zero_init3)
    1 destination range, total size 0x4668:
          0x2000'000c  0x4668

Copy (__iar_copy_init3)
    1 source range, total size 0xc:
           0x800'3a04     0xc
    1 destination range, total size 0xc:
          0x2000'0000     0xc



*******************************************************************************
*** MODULE SUMMARY
***

    Module                 ro code  ro data  rw data
    ------                 -------  -------  -------
command line/config:
    ------------------------------------------------
    Total:

D:\workspace\Fan_controller\Class_C\Obj: [1]
    RingFIFO.o                 154
    cayenne_lpp.o              248      108
    clock.o                    236
    gpio.o                     184
    heap_1.o                   104            17'416
    list.o                     152
    main.o                     312       68       12
    port.o                     228        4        4
    portasm.o                  136
    queue.o                    730
    startup_stm32f103xb.o      440
    system_stm32f1xx.o          88
    tasks.o                  1'772        8      260
    timer.o                    940       92       53
    uart.o                     548               278
    ------------------------------------------------
    Total:                   6'272      280   18'023

dl7M_tln.a: [2]
    XShttio.o                   60        8        9
    abort.o                      6
    exit.o                       4
    low_level_init.o             4
    printf.o                    40
    putchar.o                   32
    xfail_s.o                   64                 4
    xprintffull_nomb.o       4'006        8
    xprout.o                    22
    ------------------------------------------------
    Total:                   4'238       16       13

m7M_tl.a: [3]
    DblAdd.o                   362
    DblCmpGe.o                  46
    DblCmpLe.o                  46
    DblDiv.o                   582
    DblMul.o                   418
    DblSub.o                   226
    DblToFlt.o                 104
    DblToS32.o                  58
    DblToU32.o                  40
    FltMul.o                   216
    FltToDbl.o                  72
    FltToS32.o                  42
    S32ToDbl.o                  34
    U32ToDbl.o                  26
    frexp.o                    112
    ldexp.o                    314
    ------------------------------------------------
    Total:                   2'698

rt7M_tl.a: [4]
    ABImemcpy.o                166
    ABImemset.o                102
    I64DivMod.o                560
    I64DivZer.o                  2
    cexit.o                     10
    cmain.o                     30
    copy_init3.o                46
    cstartup_M.o                12
    data_init.o                 40
    memchr.o                    88
    strchr.o                    22
    strlen.o                    54
    zero_init3.o                58
    ------------------------------------------------
    Total:                   1'190

shb_l.a: [5]
    ABIassert.o                 36
    dwrite.o                    30
    exit.o                      20
    iarttio.o                  124
    iarwrite.o                  34
    iarwstd.o                   32
    write.o                     16
    ------------------------------------------------
    Total:                     292

    Gaps                        40        6
    Linker created                       36    2'048
----------------------------------------------------
    Grand Total:            14'730      338   20'084


*******************************************************************************
*** ENTRY LIST
***

Entry                       Address    Size  Type      Object
-----                       -------    ----  ----      ------
.iar.init_table$$Base    0x800'3850           --   Gb  - Linker created -
.iar.init_table$$Limit   0x800'3874           --   Gb  - Linker created -
?main                    0x800'3925          Code  Gb  cmain.o [4]
CSTACK$$Base            0x2000'4678           --   Gb  - Linker created -
CSTACK$$Limit           0x2000'4e78           --   Gb  - Linker created -
ClockInit                0x800'33e5    0x86  Code  Gb  clock.o [1]
DHT22_START              0x800'2a75    0x16  Code  Gb  timer.o [1]
Decr                     0x800'3235     0xe  Code  Lc  RingFIFO.o [1]
GPIO_EXTI_Init           0x800'2c59    0x3c  Code  Gb  gpio.o [1]
Incr                     0x800'3225    0x10  Code  Lc  RingFIFO.o [1]
NVIC_EnableIRQ           0x800'27d5    0x16  Code  Lc  timer.o [1]
NVIC_EnableIRQ           0x800'2fed    0x14  Code  Lc  uart.o [1]
PendSV_Handler           0x800'274d          Code  Gb  portasm.o [1]
PortSetHi                0x800'2ce3     0xa  Code  Gb  gpio.o [1]
PortSetLow               0x800'2ced     0xa  Code  Gb  gpio.o [1]
RCC_DeInit               0x800'346b    0x56  Code  Gb  clock.o [1]
RXNEIEnable              0x800'317b     0xa  Code  Lc  uart.o [1]
Region$$Table$$Base      0x800'3850           --   Gb  - Linker created -
Region$$Table$$Limit     0x800'3874           --   Gb  - Linker created -
RingBuffGet              0x800'326d    0x3a  Code  Gb  RingFIFO.o [1]
RingBuffInit             0x800'3243     0xe  Code  Gb  RingFIFO.o [1]
RingBuffNumOfItems       0x800'32a7     0x4  Code  Gb  RingFIFO.o [1]
RingBuffPut              0x800'3251    0x1c  Code  Gb  RingFIFO.o [1]
RingIncr                 0x800'3211    0x14  Code  Lc  RingFIFO.o [1]
RxPinInit                0x800'3143    0x2e  Code  Lc  uart.o [1]
SVC_Handler              0x800'2793          Code  Gb  portasm.o [1]
SysTick_Handler          0x800'26ed    0x28  Code  Gb  port.o [1]
SystemInit               0x800'3759    0x3e  Code  Gb  system_stm32f1xx.o [1]
TIM3_IRQHandler          0x800'2ab1    0x66  Code  Gb  timer.o [1]
TIM3_Init                0x800'2995    0xa6  Code  Gb  timer.o [1]
TXEIDisable              0x800'3171     0xa  Code  Lc  uart.o [1]
TxPinInit                0x800'3117    0x2c  Code  Lc  uart.o [1]
UARTInitStr              0x800'39bc     0xc  Data  Lc  main.o [1]
UART_Init                0x800'3001    0x9c  Code  Gb  uart.o [1]
USART2_IRQHandler        0x800'3185    0x52  Code  Gb  uart.o [1]
USART2_IRQHandler::tmp  0x2000'4670     0x2  Data  Lc  uart.o [1]
_LitobFullNoMb           0x800'0e8d   0x10a  Code  Lc  xprintffull_nomb.o [2]
_PrintfFullNoMb          0x800'00ed   0xd7c  Code  Gb  xprintffull_nomb.o [2]
_Prout                   0x800'3971    0x16  Code  Gb  xprout.o [2]
_PutcharFullNoMb         0x800'0ffd    0x20  Code  Lc  xprintffull_nomb.o [2]
_PutcharsFullNoMb        0x800'101d    0x2e  Code  Lc  xprintffull_nomb.o [2]
__aeabi_assert           0x800'3631    0x24  Code  Gb  ABIassert.o [5]
__aeabi_cdcmple          0x800'12f9          Code  Gb  DblCmpLe.o [3]
__aeabi_cdrcmple         0x800'1329          Code  Gb  DblCmpGe.o [3]
__aeabi_d2f              0x800'2b81          Code  Gb  DblToFlt.o [3]
__aeabi_d2iz             0x800'1495          Code  Gb  DblToS32.o [3]
__aeabi_d2uiz            0x800'1821          Code  Gb  DblToU32.o [3]
__aeabi_ddiv             0x800'15d9          Code  Gb  DblDiv.o [3]
__aeabi_dmul             0x800'1865          Code  Gb  DblMul.o [3]
__aeabi_dsub             0x800'14f5          Code  Gb  DblSub.o [3]
__aeabi_f2d              0x800'2be9          Code  Gb  FltToDbl.o [3]
__aeabi_f2iz             0x800'372d          Code  Gb  FltToS32.o [3]
__aeabi_fmul             0x800'3655          Code  Gb  FltMul.o [3]
__aeabi_i2d              0x800'14d1          Code  Gb  S32ToDbl.o [3]
__aeabi_ldiv0            0x800'1dad          Code  Gb  I64DivZer.o [4]
__aeabi_memcpy           0x800'11e1          Code  Gb  ABImemcpy.o [4]
__aeabi_memcpy4          0x800'1201          Code  Gb  ABImemcpy.o [4]
__aeabi_memcpy8          0x800'1201          Code  Gb  ABImemcpy.o [4]
__aeabi_memset           0x800'34d1          Code  Gb  ABImemset.o [4]
__aeabi_ui2d             0x800'1849          Code  Gb  U32ToDbl.o [3]
__aeabi_uldivmod         0x800'1a09          Code  Gb  I64DivMod.o [4]
__cmain                  0x800'3925          Code  Gb  cmain.o [4]
__dwrite                 0x800'38e5    0x1e  Code  Gb  dwrite.o [5]
__exit                   0x800'1db1    0x14  Code  Gb  exit.o [5]
__iar_Fail_s             0x800'1111    0x1c  Code  Gb  xfail_s.o [2]
__iar_Memchr             0x800'1189          Code  Gb  memchr.o [4]
__iar_Memset             0x800'34d1          Code  Gb  ABImemset.o [4]
__iar_Memset_word        0x800'34d9          Code  Gb  ABImemset.o [4]
__iar_Strchr             0x800'10cd          Code  Gb  strchr.o [4]
__iar_close_ttio         0x800'1dc5    0x2c  Code  Gb  iarttio.o [5]
__iar_copy_init3         0x800'10e3    0x2e  Code  Gb  copy_init3.o [4]
__iar_dadd               0x800'1505          Code  Gb  DblSub.o [3]
__iar_data_init3         0x800'3805    0x28  Code  Gb  data_init.o [4]
__iar_dsub               0x800'1c41          Code  Gb  DblAdd.o [3]
__iar_dsubStart          0x800'1c53          Code  Gb  DblAdd.o [3]
__iar_frexp              0x800'1295          Code  Gb  frexp.o [3]
__iar_frexp64            0x800'1289          Code  Gb  frexp.o [3]
__iar_frexpl             0x800'1295          Code  Gb  frexp.o [3]
__iar_get_ttio           0x800'1df1    0x4c  Code  Gb  iarttio.o [5]
__iar_ldexp64            0x800'1359          Code  Gb  ldexp.o [3]
__iar_lookup_ttioh       0x800'1e6f     0x4  Code  Gb  XShttio.o [2]
__iar_program_start      0x800'39f9          Code  Gb  cstartup_M.o [4]
__iar_scalbln64          0x800'1359          Code  Gb  ldexp.o [3]
__iar_scalbn64           0x800'1359          Code  Gb  ldexp.o [3]
__iar_sh_stdout          0x800'3903    0x20  Code  Gb  iarwstd.o [5]
__iar_sh_write           0x800'382d    0x22  Code  Gb  iarwrite.o [5]
__iar_ttio_guard_lock    0x800'1e41    0x1e  Code  Gb  XShttio.o [2]
__iar_ttio_guard_unlock
                         0x800'1e5f    0x10  Code  Gb  XShttio.o [2]
__iar_ttio_handles      0x2000'0004     0x8  Data  Lc  XShttio.o [2]
__iar_zero_init3         0x800'1093    0x3a  Code  Gb  zero_init3.o [4]
__low_level_init         0x800'3943     0x4  Code  Gb  low_level_init.o [2]
__vector_table           0x800'0000          Data  Gb  startup_stm32f103xb.o [1]
__write                  0x800'38d5    0x10  Code  Gb  write.o [5]
_call_main               0x800'3931          Code  Gb  cmain.o [4]
_exit                    0x800'394d          Code  Gb  cexit.o [4]
_main                    0x800'393f          Code  Gb  cmain.o [4]
_uart_en                 0x800'310d     0xa  Code  Lc  uart.o [1]
_uart_init               0x800'309d    0x70  Code  Lc  uart.o [1]
abort                    0x800'1c39     0x6  Code  Gb  abort.o [2]
analis_data              0x800'2881    0x6c  Code  Gb  timer.o [1]
calc_crc                 0x800'2807     0xa  Code  Gb  timer.o [1]
calc_humi                0x800'2811    0x22  Code  Gb  timer.o [1]
calc_temp                0x800'2833    0x4e  Code  Gb  timer.o [1]
cayenne_lpp_add_relative_humidity
                         0x800'35c5    0x5c  Code  Gb  cayenne_lpp.o [1]
cayenne_lpp_add_temperature
                         0x800'3551    0x74  Code  Gb  cayenne_lpp.o [1]
cayenne_lpp_reset        0x800'3539    0x18  Code  Gb  cayenne_lpp.o [1]
clear_array              0x800'27eb    0x1c  Code  Gb  timer.o [1]
data_conversion          0x800'28ed    0xa8  Code  Gb  timer.o [1]
delay                   0x2000'456c    0x2c  Data  Gb  timer.o [1]
disableINT               0x800'2a57    0x1c  Code  Gb  timer.o [1]
dt                      0x2000'4614     0x8  Data  Gb  timer.o [1]
enableINT                0x800'2a3b    0x1c  Code  Gb  timer.o [1]
exit                     0x800'3947     0x4  Code  Gb  exit.o [2]
frexp                    0x800'1289          Code  Gb  frexp.o [3]
frexpl                   0x800'1289          Code  Gb  frexp.o [3]
get_data_from_DHT22      0x800'2a8b    0x26  Code  Gb  timer.o [1]
inputFloatingPA6         0x800'2cbf    0x24  Code  Gb  gpio.o [1]
ldexp                    0x800'1359          Code  Gb  ldexp.o [3]
ldexpl                   0x800'1359          Code  Gb  ldexp.o [3]
main                     0x800'32ad    0x8a  Code  Gb  main.o [1]
memchr                   0x800'1189          Code  Gb  memchr.o [4]
n                       0x2000'4672     0x1  Data  Gb  timer.o [1]
outputOpenDrainPA6       0x800'2c95    0x2a  Code  Gb  gpio.o [1]
printf                   0x800'2c31    0x28  Code  Gb  printf.o [2]
prvAddCurrentTaskToDelayedList
                         0x800'24b9    0x6e  Code  Lc  tasks.o [1]
prvAddNewTaskToReadyList
                         0x800'1f7f    0x9a  Code  Lc  tasks.o [1]
prvCheckTasksWaitingTermination
                         0x800'2419    0x36  Code  Lc  tasks.o [1]
prvCopyDataToQueue       0x800'2eed    0x72  Code  Lc  queue.o [1]
prvDeleteTCB             0x800'244f    0x12  Code  Lc  tasks.o [1]
prvIdleTask              0x800'23a5    0x22  Code  Lc  tasks.o [1]
prvInitialiseNewQueue    0x800'2dbf    0x1c  Code  Lc  queue.o [1]
prvInitialiseNewTask     0x800'1ee9    0x96  Code  Lc  tasks.o [1]
prvInitialiseTaskLists   0x800'23c7    0x52  Code  Lc  tasks.o [1]
prvIsQueueFull           0x800'2fcd    0x1e  Code  Lc  queue.o [1]
prvResetNextTaskUnblockTime
                         0x800'2461    0x28  Code  Lc  tasks.o [1]
prvTaskExitError         0x800'2689    0x10  Code  Lc  port.o [1]
prvUnlockQueue           0x800'2f5f    0x6e  Code  Lc  queue.o [1]
putchar                  0x800'38b5    0x20  Code  Gb  putchar.o [2]
pvPortMalloc             0x800'2569    0x58  Code  Gb  heap_1.o [1]
pvPortMalloc::pucAlignedHeap
                        0x2000'4620     0x4  Data  Lc  heap_1.o [1]
pxCurrentTCB            0x2000'4630     0x4  Data  Gb  tasks.o [1]
pxDelayedTaskList       0x2000'4634     0x4  Data  Lc  tasks.o [1]
pxOverflowDelayedTaskList
                        0x2000'4638     0x4  Data  Lc  tasks.o [1]
pxPortInitialiseStack    0x800'2669    0x20  Code  Gb  port.o [1]
pxReadyTasksLists       0x2000'44d4    0x64  Data  Lc  tasks.o [1]
rx_buff2                0x2000'440c    0xc8  Data  Lc  uart.o [1]
rx_fifo2                0x2000'4608     0xc  Data  Lc  uart.o [1]
scalbln                  0x800'1359          Code  Gb  ldexp.o [3]
scalblnl                 0x800'1359          Code  Gb  ldexp.o [3]
scalbn                   0x800'1359          Code  Gb  ldexp.o [3]
scalbnl                  0x800'1359          Code  Gb  ldexp.o [3]
scale                    0x800'0f97    0x46  Code  Lc  xprintffull_nomb.o [2]
sec_hand                0x2000'466c     0x4  Data  Lc  xfail_s.o [2]
strchr                   0x800'10cd          Code  Gb  strchr.o [4]
strlen                   0x800'1151          Code  Gb  strlen.o [4]
ttio_guard              0x2000'4673     0x1  Data  Lc  XShttio.o [2]
tx_buff2                0x2000'4538    0x34  Data  Lc  uart.o [1]
tx_fifo2                0x2000'45fc     0xc  Data  Lc  uart.o [1]
ucHeap                  0x2000'000c  0x4400  Data  Lc  heap_1.o [1]
uxCriticalNesting       0x2000'0000     0x4  Data  Lc  port.o [1]
uxCurrentNumberOfTasks  0x2000'4640     0x4  Data  Lc  tasks.o [1]
uxDeletedTasksWaitingCleanUp
                        0x2000'463c     0x4  Data  Lc  tasks.o [1]
uxListRemove             0x800'2643    0x26  Code  Gb  list.o [1]
uxSchedulerSuspended    0x2000'4668     0x4  Data  Lc  tasks.o [1]
uxTaskNumber            0x2000'465c     0x4  Data  Lc  tasks.o [1]
uxTopReadyPriority      0x2000'4648     0x4  Data  Lc  tasks.o [1]
vFan                     0x800'3339    0x1c  Code  Gb  main.o [1]
vListInitialise          0x800'25d1    0x1e  Code  Gb  list.o [1]
vListInitialiseItem      0x800'25ef     0x6  Code  Gb  list.o [1]
vListInsert              0x800'260d    0x36  Code  Gb  list.o [1]
vListInsertEnd           0x800'25f5    0x18  Code  Gb  list.o [1]
vPortEnterCritical       0x800'26bf    0x18  Code  Gb  port.o [1]
vPortExitCritical        0x800'26d7    0x16  Code  Gb  port.o [1]
vPortFree                0x800'25c1     0x2  Code  Gb  heap_1.o [1]
vPortStartFirstTask      0x800'27b3          Code  Gb  portasm.o [1]
vTaskDelay               0x800'2019    0x32  Code  Gb  tasks.o [1]
vTaskInternalSetTimeOutState
                         0x800'232f    0x12  Code  Gb  tasks.o [1]
vTaskMissedYield         0x800'2399     0xa  Code  Gb  tasks.o [1]
vTaskPlaceOnEventList    0x800'22ad    0x1a  Code  Gb  tasks.o [1]
vTaskStartScheduler      0x800'204b    0x4e  Code  Gb  tasks.o [1]
vTaskSuspendAll          0x800'2099     0xc  Code  Gb  tasks.o [1]
vTaskSwitchContext       0x800'2257    0x56  Code  Gb  tasks.o [1]
vTemp_Humi_measurement   0x800'3355    0x78  Code  Gb  main.o [1]
xDelayedTaskList1       0x2000'4598    0x14  Data  Lc  tasks.o [1]
xDelayedTaskList2       0x2000'45ac    0x14  Data  Lc  tasks.o [1]
xIdleTaskHandle         0x2000'4664     0x4  Data  Lc  tasks.o [1]
xNextFreeByte           0x2000'461c     0x4  Data  Lc  heap_1.o [1]
xNextTaskUnblockTime    0x2000'4660     0x4  Data  Lc  tasks.o [1]
xNumOfOverflows         0x2000'4658     0x4  Data  Lc  tasks.o [1]
xPendedTicks            0x2000'4650     0x4  Data  Lc  tasks.o [1]
xPendingReadyList       0x2000'45c0    0x14  Data  Lc  tasks.o [1]
xPortStartScheduler      0x800'2699    0x26  Code  Gb  port.o [1]
xQueueGenericCreate      0x800'2d8f    0x30  Code  Gb  queue.o [1]
xQueueGenericReset       0x800'2d11    0x7e  Code  Gb  queue.o [1]
xQueueGenericSend        0x800'2ddb   0x10e  Code  Gb  queue.o [1]
xQueue_data_for_Fan     0x2000'462c     0x4  Data  Gb  main.o [1]
xQueue_for_send_to_APServer
                        0x2000'4624     0x4  Data  Gb  main.o [1]
xQueue_received_data_from_app_server
                        0x2000'4628     0x4  Data  Gb  main.o [1]
xSchedulerRunning       0x2000'464c     0x4  Data  Lc  tasks.o [1]
xSuspendedTaskList      0x2000'45e8    0x14  Data  Lc  tasks.o [1]
xTaskCheckForTimeOut     0x800'2341    0x58  Code  Gb  tasks.o [1]
xTaskCreate              0x800'1e7d    0x6c  Code  Gb  tasks.o [1]
xTaskIncrementTick       0x800'2173    0xe4  Code  Gb  tasks.o [1]
xTaskRemoveFromEventList
                         0x800'22c7    0x68  Code  Gb  tasks.o [1]
xTaskResumeAll           0x800'20a5    0xce  Code  Gb  tasks.o [1]
xTasksWaitingTermination
                        0x2000'45d4    0x14  Data  Lc  tasks.o [1]
xTickCount              0x2000'4644     0x4  Data  Lc  tasks.o [1]
xYieldPending           0x2000'4654     0x4  Data  Lc  tasks.o [1]


[1] = D:\workspace\Fan_controller\Class_C\Obj
[2] = dl7M_tln.a
[3] = m7M_tl.a
[4] = rt7M_tl.a
[5] = shb_l.a

  14'730 bytes of readonly  code memory
     338 bytes of readonly  data memory
  20'084 bytes of readwrite data memory

Errors: none
Warnings: none
