###############################################################################
#
# IAR ELF Linker V8.50.4.261/W32 for ARM                  09/Apr/2021  00:03:56
# Copyright 2007-2020 IAR Systems AB.
#
#    Output file  =
#        C:\Users\MrZang\IAR_prj\Fan_controller\Class_C\Exe\Fan_controller.out
#    Map file     =
#        C:\Users\MrZang\IAR_prj\Fan_controller\Class_C\List\Fan_controller.map
#    Command line =
#        -f C:\Users\MrZang\AppData\Local\Temp\EW6BA6.tmp
#        (C:\Users\MrZang\IAR_prj\Fan_controller\Class_C\Obj\cayenne_lpp.o
#        C:\Users\MrZang\IAR_prj\Fan_controller\Class_C\Obj\clock.o
#        C:\Users\MrZang\IAR_prj\Fan_controller\Class_C\Obj\croutine.o
#        C:\Users\MrZang\IAR_prj\Fan_controller\Class_C\Obj\event_groups.o
#        C:\Users\MrZang\IAR_prj\Fan_controller\Class_C\Obj\gpio.o
#        C:\Users\MrZang\IAR_prj\Fan_controller\Class_C\Obj\heap_1.o
#        C:\Users\MrZang\IAR_prj\Fan_controller\Class_C\Obj\list.o
#        C:\Users\MrZang\IAR_prj\Fan_controller\Class_C\Obj\main.o
#        C:\Users\MrZang\IAR_prj\Fan_controller\Class_C\Obj\modemRHF78-052.o
#        C:\Users\MrZang\IAR_prj\Fan_controller\Class_C\Obj\port.o
#        C:\Users\MrZang\IAR_prj\Fan_controller\Class_C\Obj\portasm.o
#        C:\Users\MrZang\IAR_prj\Fan_controller\Class_C\Obj\queue.o
#        C:\Users\MrZang\IAR_prj\Fan_controller\Class_C\Obj\RingFIFO.o
#        C:\Users\MrZang\IAR_prj\Fan_controller\Class_C\Obj\startup_stm32f103xb.o
#        C:\Users\MrZang\IAR_prj\Fan_controller\Class_C\Obj\stream_buffer.o
#        C:\Users\MrZang\IAR_prj\Fan_controller\Class_C\Obj\system_stm32f1xx.o
#        C:\Users\MrZang\IAR_prj\Fan_controller\Class_C\Obj\tasks.o
#        C:\Users\MrZang\IAR_prj\Fan_controller\Class_C\Obj\timer.o
#        C:\Users\MrZang\IAR_prj\Fan_controller\Class_C\Obj\timers.o
#        C:\Users\MrZang\IAR_prj\Fan_controller\Class_C\Obj\uart.o
#        --no_out_extension -o
#        C:\Users\MrZang\IAR_prj\Fan_controller\Class_C\Exe\Fan_controller.out
#        --redirect _Printf=_PrintfFullNoMb --redirect _Scanf=_ScanfFullNoMb
#        --map
#        C:\Users\MrZang\IAR_prj\Fan_controller\Class_C\List\Fan_controller.map
#        --config "C:\Program Files (x86)\IAR Systems\Embedded Workbench
#        8.4\arm\config\linker\ST\stm32f103x8.icf" --semihosting --entry
#        __iar_program_start --vfe --text_out locale)
#
###############################################################################

*******************************************************************************
*** RUNTIME MODEL ATTRIBUTES
***

CppFlavor       = *
__SystemLibrary = DLib
__dlib_version  = 6


*******************************************************************************
*** HEAP SELECTION
***

The basic heap was selected because some modules are built with
size limitations (and not runtime checking), and --advanced_heap
was not specified.


*******************************************************************************
*** PLACEMENT SUMMARY
***

"A0":  place at address 0x800'0000 { ro section .intvec };
"P1":  place in [from 0x800'0000 to 0x800'ffff] { ro };
define block CSTACK with size = 2K, alignment = 8 { };
define block HEAP with size = 2K, alignment = 8 { };
"P2":  place in [from 0x2000'0000 to 0x2000'4fff] {
          rw, block CSTACK, block HEAP };
initialize by copy { rw };

  Section            Kind         Address    Size  Object
  -------            ----         -------    ----  ------
"A0":                                        0xec
  .intvec            ro code   0x800'0000    0xec  startup_stm32f103xb.o [1]
                             - 0x800'00ec    0xec

"P1":                                      0x47f4
  .text              ro code   0x800'00ec   0xfa6  xprintffull_nomb.o [2]
  .text              ro code   0x800'1092    0x3a  zero_init3.o [4]
  .text              ro code   0x800'10cc    0x16  strchr.o [4]
  .text              ro code   0x800'10e2    0x2e  copy_init3.o [4]
  .text              ro code   0x800'1110    0x40  xfail_s.o [2]
  .text              ro code   0x800'1150    0x36  strlen.o [4]
  .text              ro code   0x800'1186     0xa  xsprout.o [2]
  .text              ro code   0x800'1190    0x58  memchr.o [4]
  .text              ro code   0x800'11e8    0xa6  ABImemcpy.o [4]
  .text              ro code   0x800'1290    0x70  frexp.o [3]
  .text              ro code   0x800'1300    0x2e  DblCmpLe.o [3]
  .text              ro code   0x800'1330    0x2e  DblCmpGe.o [3]
  .text              ro code   0x800'1360   0x13a  ldexp.o [3]
  .text              ro code   0x800'149c    0x3a  DblToS32.o [3]
  .text              ro code   0x800'14d8    0x22  S32ToDbl.o [3]
  .text              ro code   0x800'14fc    0xe2  DblSub.o [3]
  .text              ro code   0x800'15e0   0x246  DblDiv.o [3]
  .text              ro code   0x800'1828    0x28  DblToU32.o [3]
  .text              ro code   0x800'1850    0x1a  U32ToDbl.o [3]
  .text              ro code   0x800'186c   0x1a2  DblMul.o [3]
  .text              ro code   0x800'1a10   0x230  I64DivMod.o [4]
  .text              ro code   0x800'1c40     0x6  abort.o [2]
  .text              ro code   0x800'1c48   0x16a  DblAdd.o [3]
  .text              ro code   0x800'1db4     0x2  I64DivZer.o [4]
  .text              ro code   0x800'1db8    0x14  exit.o [5]
  .text              ro code   0x800'1dcc    0x7c  iarttio.o [5]
  .text              ro code   0x800'1e48    0x3c  XShttio.o [2]
  .text              ro code   0x800'1e84   0x7b8  main.o [1]
  .text              ro code   0x800'263c    0x28  printf.o [2]
  .text              ro code   0x800'2664    0x35  puts.o [2]
  .text              ro code   0x800'269c    0x40  sprintf.o [2]
  .text              ro code   0x800'26dc    0x1e  strcat.o [2]
  .text              ro code   0x800'26fc    0xec  clock.o [1]
  .text              ro code   0x800'27e8    0xb8  gpio.o [1]
  .text              ro code   0x800'28a0   0x320  uart.o [1]
  .text              ro code   0x800'2bc0   0x418  queue.o [1]
  .text              ro code   0x800'2fd8   0x6ec  tasks.o [1]
  .text              ro code   0x800'36c4    0x66  ABImemset.o [4]
  .text              ro code   0x800'372c   0x14c  cayenne_lpp.o [1]
  .text              ro code   0x800'3878   0x2d0  timer.o [1]
  .text              ro code   0x800'3b48    0xd0  modemRHF78-052.o [1]
  .text              ro code   0x800'3c18    0x10  write.o [5]
  .text              ro code   0x800'3c28    0xa0  RingFIFO.o [1]
  .text              ro code   0x800'3cc8    0xe4  port.o [1]
  .text              ro code   0x800'3dac    0x98  list.o [1]
  .text              ro code   0x800'3e44    0x68  heap_1.o [1]
  .text              ro code   0x800'3eac    0x24  ABIassert.o [5]
  .text              ro code   0x800'3ed0    0xd8  FltMul.o [3]
  .text              ro code   0x800'3fa8    0x2a  FltToS32.o [3]
  .text              ro code   0x800'3fd4    0x68  DblToFlt.o [3]
  .text              ro code   0x800'403c    0x48  FltToDbl.o [3]
  .text              ro code   0x800'4084    0x1e  dwrite.o [5]
  CODE               ro code   0x800'40a4    0x88  portasm.o [1]
  .text              ro code   0x800'412c    0x20  iarwstd.o [5]
  .text              ro code   0x800'414c    0x22  iarwrite.o [5]
  .text              ro code   0x800'4170    0x58  system_stm32f1xx.o [1]
  .rodata            const     0x800'41c8    0x38  cayenne_lpp.o [1]
  .rodata            const     0x800'4200    0x38  main.o [1]
  .rodata            const     0x800'4238    0x38  main.o [1]
  .rodata            const     0x800'4270    0x34  main.o [1]
  .rodata            const     0x800'42a4    0x34  main.o [1]
  .rodata            const     0x800'42d8    0x28  main.o [1]
  .rodata            const     0x800'4300    0x28  main.o [1]
  .text              ro code   0x800'4328    0x28  data_init.o [4]
  .rodata            const     0x800'4350    0x24  main.o [1]
  .iar.init_table    const     0x800'4374    0x24  - Linker created -
  .rodata            const     0x800'4398    0x20  cayenne_lpp.o [1]
  .rodata            const     0x800'43b8    0x20  cayenne_lpp.o [1]
  .rodata            const     0x800'43d8    0x20  main.o [1]
  .text              ro code   0x800'43f8    0x20  putchar.o [2]
  .text              ro code   0x800'4418    0x1e  cmain.o [4]
  .text              ro code   0x800'4436     0x4  low_level_init.o [2]
  .text              ro code   0x800'443a     0x4  exit.o [2]
  .text              ro code   0x800'4440     0xa  cexit.o [4]
  .rodata            const     0x800'444c    0x1c  main.o [1]
  .rodata            const     0x800'4468    0x1c  main.o [1]
  .rodata            const     0x800'4484    0x1c  main.o [1]
  .rodata            const     0x800'44a0    0x1c  main.o [1]
  .rodata            const     0x800'44bc    0x1c  main.o [1]
  .rodata            const     0x800'44d8    0x1c  main.o [1]
  .rodata            const     0x800'44f4    0x1c  main.o [1]
  .rodata            const     0x800'4510    0x1c  main.o [1]
  .rodata            const     0x800'452c    0x1c  main.o [1]
  .rodata            const     0x800'4548    0x1c  main.o [1]
  .rodata            const     0x800'4564    0x1c  main.o [1]
  .rodata            const     0x800'4580    0x1c  main.o [1]
  .rodata            const     0x800'459c    0x1c  main.o [1]
  .rodata            const     0x800'45b8    0x1c  main.o [1]
  .rodata            const     0x800'45d4    0x1c  main.o [1]
  .rodata            const     0x800'45f0    0x1c  main.o [1]
  .rodata            const     0x800'460c    0x1c  main.o [1]
  .rodata            const     0x800'4628    0x1c  main.o [1]
  .rodata            const     0x800'4644    0x1c  main.o [1]
  .rodata            const     0x800'4660    0x18  main.o [1]
  .rodata            const     0x800'4678    0x18  timer.o [1]
  .text              ro code   0x800'4690    0x16  xprout.o [2]
  .rodata            const     0x800'46a8    0x14  main.o [1]
  .rodata            const     0x800'46bc    0x14  main.o [1]
  .rodata            const     0x800'46d0    0x14  timer.o [1]
  .rodata            const     0x800'46e4    0x10  main.o [1]
  .rodata            const     0x800'46f4    0x10  main.o [1]
  .rodata            const     0x800'4704    0x10  main.o [1]
  .rodata            const     0x800'4714    0x10  main.o [1]
  .rodata            const     0x800'4724    0x10  main.o [1]
  .rodata            const     0x800'4734    0x10  main.o [1]
  .text              ro code   0x800'4744    0x10  startup_stm32f103xb.o [1]
  .rodata            const     0x800'4754     0xc  main.o [1]
  .rodata            const     0x800'4760     0xc  main.o [1]
  .rodata            const     0x800'476c     0xc  main.o [1]
  .rodata            const     0x800'4778     0xc  main.o [1]
  .rodata            const     0x800'4784     0xc  main.o [1]
  .rodata            const     0x800'4790     0xc  main.o [1]
  .rodata            const     0x800'479c     0xc  main.o [1]
  .rodata            const     0x800'47a8     0xc  main.o [1]
  .rodata            const     0x800'47b4     0xc  timer.o [1]
  .rodata            const     0x800'47c0     0xc  timer.o [1]
  .rodata            const     0x800'47cc     0xc  timer.o [1]
  .rodata            const     0x800'47d8     0xc  timer.o [1]
  .text              ro code   0x800'47e4     0xc  cstartup_M.o [4]
  Initializer bytes  const     0x800'47f0     0xc  <for P2-1>
  .rodata            const     0x800'47fc     0x8  main.o [1]
  .rodata            const     0x800'4804     0x8  main.o [1]
  .rodata            const     0x800'480c     0x8  main.o [1]
  .rodata            const     0x800'4814     0x8  tasks.o [1]
  .rodata            const     0x800'481c     0x8  xprintffull_nomb.o [2]
  .text              ro code   0x800'4824     0x4  startup_stm32f103xb.o [1]
  .text              ro code   0x800'4828     0x4  startup_stm32f103xb.o [1]
  .text              ro code   0x800'482c     0x4  startup_stm32f103xb.o [1]
  .text              ro code   0x800'4830     0x4  startup_stm32f103xb.o [1]
  .text              ro code   0x800'4834     0x4  startup_stm32f103xb.o [1]
  .text              ro code   0x800'4838     0x4  startup_stm32f103xb.o [1]
  .text              ro code   0x800'483c     0x4  startup_stm32f103xb.o [1]
  .text              ro code   0x800'4840     0x4  startup_stm32f103xb.o [1]
  .text              ro code   0x800'4844     0x4  startup_stm32f103xb.o [1]
  .text              ro code   0x800'4848     0x4  startup_stm32f103xb.o [1]
  .text              ro code   0x800'484c     0x4  startup_stm32f103xb.o [1]
  .text              ro code   0x800'4850     0x4  startup_stm32f103xb.o [1]
  .text              ro code   0x800'4854     0x4  startup_stm32f103xb.o [1]
  .text              ro code   0x800'4858     0x4  startup_stm32f103xb.o [1]
  .text              ro code   0x800'485c     0x4  startup_stm32f103xb.o [1]
  .text              ro code   0x800'4860     0x4  startup_stm32f103xb.o [1]
  .text              ro code   0x800'4864     0x4  startup_stm32f103xb.o [1]
  .text              ro code   0x800'4868     0x4  startup_stm32f103xb.o [1]
  .text              ro code   0x800'486c     0x4  startup_stm32f103xb.o [1]
  .text              ro code   0x800'4870     0x4  startup_stm32f103xb.o [1]
  .text              ro code   0x800'4874     0x4  startup_stm32f103xb.o [1]
  .text              ro code   0x800'4878     0x4  startup_stm32f103xb.o [1]
  .text              ro code   0x800'487c     0x4  startup_stm32f103xb.o [1]
  .text              ro code   0x800'4880     0x4  startup_stm32f103xb.o [1]
  .text              ro code   0x800'4884     0x4  startup_stm32f103xb.o [1]
  .text              ro code   0x800'4888     0x4  startup_stm32f103xb.o [1]
  .text              ro code   0x800'488c     0x4  startup_stm32f103xb.o [1]
  .text              ro code   0x800'4890     0x4  startup_stm32f103xb.o [1]
  .text              ro code   0x800'4894     0x4  startup_stm32f103xb.o [1]
  .text              ro code   0x800'4898     0x4  startup_stm32f103xb.o [1]
  .text              ro code   0x800'489c     0x4  startup_stm32f103xb.o [1]
  .text              ro code   0x800'48a0     0x4  startup_stm32f103xb.o [1]
  .text              ro code   0x800'48a4     0x4  startup_stm32f103xb.o [1]
  .text              ro code   0x800'48a8     0x4  startup_stm32f103xb.o [1]
  .text              ro code   0x800'48ac     0x4  startup_stm32f103xb.o [1]
  .text              ro code   0x800'48b0     0x4  startup_stm32f103xb.o [1]
  .text              ro code   0x800'48b4     0x4  startup_stm32f103xb.o [1]
  .text              ro code   0x800'48b8     0x4  startup_stm32f103xb.o [1]
  .text              ro code   0x800'48bc     0x4  startup_stm32f103xb.o [1]
  .text              ro code   0x800'48c0     0x4  startup_stm32f103xb.o [1]
  .text              ro code   0x800'48c4     0x4  startup_stm32f103xb.o [1]
  .text              ro code   0x800'48c8     0x4  startup_stm32f103xb.o [1]
  .text              ro code   0x800'48cc     0x4  startup_stm32f103xb.o [1]
  .text              ro code   0x800'48d0     0x4  startup_stm32f103xb.o [1]
  .text              ro code   0x800'48d4     0x4  startup_stm32f103xb.o [1]
  .text              ro code   0x800'48d8     0x4  startup_stm32f103xb.o [1]
  .text              ro code   0x800'48dc     0x4  startup_stm32f103xb.o [1]
  .rodata            const     0x800'48e0     0x0  zero_init3.o [4]
  .rodata            const     0x800'48e0     0x0  copy_init3.o [4]
                             - 0x800'48e0  0x47f4

"P2", part 1 of 3:                            0xc
  P2-1                        0x2000'0000     0xc  <Init block>
    .data            inited   0x2000'0000     0x4  port.o [1]
    .data            inited   0x2000'0004     0x8  XShttio.o [2]
                            - 0x2000'000c     0xc

"P2", part 2 of 3:                         0x4668
  .bss               zero     0x2000'000c  0x4400  heap_1.o [1]
  .bss               zero     0x2000'440c    0xc8  uart.o [1]
  .bss               zero     0x2000'44d4    0x64  tasks.o [1]
  .bss               zero     0x2000'4538    0x34  uart.o [1]
  .bss               zero     0x2000'456c    0x2c  timer.o [1]
  .bss               zero     0x2000'4598    0x14  tasks.o [1]
  .bss               zero     0x2000'45ac    0x14  tasks.o [1]
  .bss               zero     0x2000'45c0    0x14  tasks.o [1]
  .bss               zero     0x2000'45d4    0x14  tasks.o [1]
  .bss               zero     0x2000'45e8    0x14  tasks.o [1]
  .bss               zero     0x2000'45fc     0xc  uart.o [1]
  .bss               zero     0x2000'4608     0xc  uart.o [1]
  .bss               zero     0x2000'4614     0x8  timer.o [1]
  .bss               zero     0x2000'461c     0x4  heap_1.o [1]
  .bss               zero     0x2000'4620     0x4  heap_1.o [1]
  .bss               zero     0x2000'4624     0x4  main.o [1]
  .bss               zero     0x2000'4628     0x4  main.o [1]
  .bss               zero     0x2000'462c     0x4  main.o [1]
  .bss               zero     0x2000'4630     0x4  tasks.o [1]
  .bss               zero     0x2000'4634     0x4  tasks.o [1]
  .bss               zero     0x2000'4638     0x4  tasks.o [1]
  .bss               zero     0x2000'463c     0x4  tasks.o [1]
  .bss               zero     0x2000'4640     0x4  tasks.o [1]
  .bss               zero     0x2000'4644     0x4  tasks.o [1]
  .bss               zero     0x2000'4648     0x4  tasks.o [1]
  .bss               zero     0x2000'464c     0x4  tasks.o [1]
  .bss               zero     0x2000'4650     0x4  tasks.o [1]
  .bss               zero     0x2000'4654     0x4  tasks.o [1]
  .bss               zero     0x2000'4658     0x4  tasks.o [1]
  .bss               zero     0x2000'465c     0x4  tasks.o [1]
  .bss               zero     0x2000'4660     0x4  tasks.o [1]
  .bss               zero     0x2000'4664     0x4  tasks.o [1]
  .bss               zero     0x2000'4668     0x4  tasks.o [1]
  .bss               zero     0x2000'466c     0x4  xfail_s.o [2]
  .bss               zero     0x2000'4670     0x2  uart.o [1]
  .bss               zero     0x2000'4672     0x1  timer.o [1]
  .bss               zero     0x2000'4673     0x1  XShttio.o [2]
                            - 0x2000'4674  0x4668

"P2", part 3 of 3:                          0x800
  CSTACK                      0x2000'4678   0x800  <Block>
    CSTACK           uninit   0x2000'4678   0x800  <Block tail>
                            - 0x2000'4e78   0x800

Unused ranges:

         From           To    Size
         ----           --    ----
   0x800'48e0   0x800'ffff  0xb720
  0x2000'4674  0x2000'4677     0x4
  0x2000'4e78  0x2000'4fff   0x188


*******************************************************************************
*** INIT TABLE
***

          Address      Size
          -------      ----
Zero (__iar_zero_init3)
    1 destination range, total size 0x4668:
          0x2000'000c  0x4668

Copy (__iar_copy_init3)
    1 source range, total size 0xc:
           0x800'47f0     0xc
    1 destination range, total size 0xc:
          0x2000'0000     0xc



*******************************************************************************
*** MODULE SUMMARY
***

    Module                 ro code  ro data  rw data
    ------                 -------  -------  -------
command line/config:
    ------------------------------------------------
    Total:

C:\Users\MrZang\IAR_prj\Fan_controller\Class_C\Obj: [1]
    RingFIFO.o                 160
    cayenne_lpp.o              332      120
    clock.o                    236
    gpio.o                     184
    heap_1.o                   104            17'416
    list.o                     152
    main.o                   1'976    1'176       12
    modemRHF78-052.o           208
    port.o                     228        4        4
    portasm.o                  136
    queue.o                  1'048
    startup_stm32f103xb.o      440
    system_stm32f1xx.o          88
    tasks.o                  1'772        8      260
    timer.o                    720       92       53
    uart.o                     800               278
    ------------------------------------------------
    Total:                   8'584    1'400   18'023

dl7M_tln.a: [2]
    XShttio.o                   60        8        9
    abort.o                      6
    exit.o                       4
    low_level_init.o             4
    printf.o                    40
    putchar.o                   32
    puts.o                      53
    sprintf.o                   64
    strcat.o                    30
    xfail_s.o                   64                 4
    xprintffull_nomb.o       4'006        8
    xprout.o                    22
    xsprout.o                   10
    ------------------------------------------------
    Total:                   4'395       16       13

m7M_tl.a: [3]
    DblAdd.o                   362
    DblCmpGe.o                  46
    DblCmpLe.o                  46
    DblDiv.o                   582
    DblMul.o                   418
    DblSub.o                   226
    DblToFlt.o                 104
    DblToS32.o                  58
    DblToU32.o                  40
    FltMul.o                   216
    FltToDbl.o                  72
    FltToS32.o                  42
    S32ToDbl.o                  34
    U32ToDbl.o                  26
    frexp.o                    112
    ldexp.o                    314
    ------------------------------------------------
    Total:                   2'698

rt7M_tl.a: [4]
    ABImemcpy.o                166
    ABImemset.o                102
    I64DivMod.o                560
    I64DivZer.o                  2
    cexit.o                     10
    cmain.o                     30
    copy_init3.o                46
    cstartup_M.o                12
    data_init.o                 40
    memchr.o                    88
    strchr.o                    22
    strlen.o                    54
    zero_init3.o                58
    ------------------------------------------------
    Total:                   1'190

shb_l.a: [5]
    ABIassert.o                 36
    dwrite.o                    30
    exit.o                      20
    iarttio.o                  124
    iarwrite.o                  34
    iarwstd.o                   32
    write.o                     16
    ------------------------------------------------
    Total:                     292

    Gaps                        41        4
    Linker created                       36    2'048
----------------------------------------------------
    Grand Total:            17'200    1'456   20'084


*******************************************************************************
*** ENTRY LIST
***

Entry                       Address    Size  Type      Object
-----                       -------    ----  ----      ------
.iar.init_table$$Base    0x800'4374           --   Gb  - Linker created -
.iar.init_table$$Limit   0x800'4398           --   Gb  - Linker created -
?main                    0x800'4419          Code  Gb  cmain.o [4]
ADR                      0x800'4784     0xc  Data  Gb  main.o [1]
AppSKey                  0x800'4238    0x38  Data  Gb  main.o [1]
CSTACK$$Base            0x2000'4678           --   Gb  - Linker created -
CSTACK$$Limit           0x2000'4e78           --   Gb  - Linker created -
ClockInit                0x800'26fd    0x86  Code  Gb  clock.o [1]
DHT22_START              0x800'3a5d    0x16  Code  Gb  timer.o [1]
Decr                     0x800'3c4d     0xe  Code  Lc  RingFIFO.o [1]
EU433                    0x800'46f4    0x10  Data  Gb  main.o [1]
GPIO_EXTI_Init           0x800'27e9    0x3c  Code  Gb  gpio.o [1]
Incr                     0x800'3c3d    0x10  Code  Lc  RingFIFO.o [1]
NVIC_DisableIRQ          0x800'28b5    0x14  Code  Lc  uart.o [1]
NVIC_EnableIRQ           0x800'28a1    0x14  Code  Lc  uart.o [1]
NwkSKey                  0x800'4200    0x38  Data  Gb  main.o [1]
PendSV_Handler           0x800'40a5          Code  Gb  portasm.o [1]
Port                     0x800'476c     0xc  Data  Gb  main.o [1]
PortSetHi                0x800'2873     0xa  Code  Gb  gpio.o [1]
PortSetLow               0x800'287d     0xa  Code  Gb  gpio.o [1]
RCC_DeInit               0x800'2783    0x56  Code  Gb  clock.o [1]
RXNEIEnable              0x800'2abb     0xa  Code  Lc  uart.o [1]
RXWIN2                   0x800'4660    0x18  Data  Gb  main.o [1]
Region$$Table$$Base      0x800'4374           --   Gb  - Linker created -
Region$$Table$$Limit     0x800'4398           --   Gb  - Linker created -
RingBuffClear            0x800'3cc3     0x6  Code  Gb  RingFIFO.o [1]
RingBuffGet              0x800'3c85    0x3a  Code  Gb  RingFIFO.o [1]
RingBuffInit             0x800'3c5b     0xe  Code  Gb  RingFIFO.o [1]
RingBuffNumOfItems       0x800'3cbf     0x4  Code  Gb  RingFIFO.o [1]
RingBuffPut              0x800'3c69    0x1c  Code  Gb  RingFIFO.o [1]
RingIncr                 0x800'3c29    0x14  Code  Lc  RingFIFO.o [1]
RxPinInit                0x800'2a79    0x2e  Code  Lc  uart.o [1]
SVC_Handler              0x800'40eb          Code  Gb  portasm.o [1]
Set_Class                0x800'4734    0x10  Data  Gb  main.o [1]
SysTick_Handler          0x800'3d4d    0x28  Code  Gb  port.o [1]
SystemInit               0x800'4171    0x3e  Code  Gb  system_stm32f1xx.o [1]
TIM3_IRQHandler          0x800'3a99    0x66  Code  Gb  timer.o [1]
TXEIDisable              0x800'2ab1     0xa  Code  Lc  uart.o [1]
TXEIEnable               0x800'2aa7     0xa  Code  Lc  uart.o [1]
TxPinInit                0x800'2a4d    0x2c  Code  Lc  uart.o [1]
UARTInitStr              0x800'47a8     0xc  Data  Lc  main.o [1]
UART_BytesToRead         0x800'299d    0x16  Code  Gb  uart.o [1]
UART_GetC                0x800'2985    0x18  Code  Gb  uart.o [1]
UART_GetS                0x800'3bc3    0x56  Code  Gb  modemRHF78-052.o [1]
UART_Init                0x800'28c9    0x9c  Code  Gb  uart.o [1]
UART_PutC                0x800'2965    0x20  Code  Gb  uart.o [1]
UART_ReadBuffClear       0x800'29b3    0x10  Code  Gb  uart.o [1]
UART_WriteBuffClear      0x800'29c3    0x10  Code  Gb  uart.o [1]
USART2_IRQHandler        0x800'2b31    0x52  Code  Gb  uart.o [1]
USART2_IRQHandler::tmp  0x2000'4670     0x2  Data  Lc  uart.o [1]
_LitobFullNoMb           0x800'0e8d   0x10a  Code  Lc  xprintffull_nomb.o [2]
_PrintfFullNoMb          0x800'00ed   0xd7c  Code  Gb  xprintffull_nomb.o [2]
_Prout                   0x800'4691    0x16  Code  Gb  xprout.o [2]
_PutcharFullNoMb         0x800'0ffd    0x20  Code  Lc  xprintffull_nomb.o [2]
_PutcharsFullNoMb        0x800'101d    0x2e  Code  Lc  xprintffull_nomb.o [2]
_SProut                  0x800'1187     0xa  Code  Gb  xsprout.o [2]
__aeabi_assert           0x800'3ead    0x24  Code  Gb  ABIassert.o [5]
__aeabi_cdcmple          0x800'1301          Code  Gb  DblCmpLe.o [3]
__aeabi_cdrcmple         0x800'1331          Code  Gb  DblCmpGe.o [3]
__aeabi_d2f              0x800'3fd5          Code  Gb  DblToFlt.o [3]
__aeabi_d2iz             0x800'149d          Code  Gb  DblToS32.o [3]
__aeabi_d2uiz            0x800'1829          Code  Gb  DblToU32.o [3]
__aeabi_ddiv             0x800'15e1          Code  Gb  DblDiv.o [3]
__aeabi_dmul             0x800'186d          Code  Gb  DblMul.o [3]
__aeabi_dsub             0x800'14fd          Code  Gb  DblSub.o [3]
__aeabi_f2d              0x800'403d          Code  Gb  FltToDbl.o [3]
__aeabi_f2iz             0x800'3fa9          Code  Gb  FltToS32.o [3]
__aeabi_fmul             0x800'3ed1          Code  Gb  FltMul.o [3]
__aeabi_i2d              0x800'14d9          Code  Gb  S32ToDbl.o [3]
__aeabi_ldiv0            0x800'1db5          Code  Gb  I64DivZer.o [4]
__aeabi_memcpy           0x800'11e9          Code  Gb  ABImemcpy.o [4]
__aeabi_memcpy4          0x800'1209          Code  Gb  ABImemcpy.o [4]
__aeabi_memcpy8          0x800'1209          Code  Gb  ABImemcpy.o [4]
__aeabi_memset           0x800'36c5          Code  Gb  ABImemset.o [4]
__aeabi_ui2d             0x800'1851          Code  Gb  U32ToDbl.o [3]
__aeabi_uldivmod         0x800'1a11          Code  Gb  I64DivMod.o [4]
__cmain                  0x800'4419          Code  Gb  cmain.o [4]
__dwrite                 0x800'4085    0x1e  Code  Gb  dwrite.o [5]
__exit                   0x800'1db9    0x14  Code  Gb  exit.o [5]
__iar_Fail_s             0x800'1111    0x1c  Code  Gb  xfail_s.o [2]
__iar_Memchr             0x800'1191          Code  Gb  memchr.o [4]
__iar_Memset             0x800'36c5          Code  Gb  ABImemset.o [4]
__iar_Memset_word        0x800'36cd          Code  Gb  ABImemset.o [4]
__iar_Strchr             0x800'10cd          Code  Gb  strchr.o [4]
__iar_close_ttio         0x800'1dcd    0x2c  Code  Gb  iarttio.o [5]
__iar_copy_init3         0x800'10e3    0x2e  Code  Gb  copy_init3.o [4]
__iar_dadd               0x800'150d          Code  Gb  DblSub.o [3]
__iar_data_init3         0x800'4329    0x28  Code  Gb  data_init.o [4]
__iar_dsub               0x800'1c49          Code  Gb  DblAdd.o [3]
__iar_dsubStart          0x800'1c5b          Code  Gb  DblAdd.o [3]
__iar_frexp              0x800'129d          Code  Gb  frexp.o [3]
__iar_frexp64            0x800'1291          Code  Gb  frexp.o [3]
__iar_frexpl             0x800'129d          Code  Gb  frexp.o [3]
__iar_get_ttio           0x800'1df9    0x4c  Code  Gb  iarttio.o [5]
__iar_ldexp64            0x800'1361          Code  Gb  ldexp.o [3]
__iar_lookup_ttioh       0x800'1e77     0x4  Code  Gb  XShttio.o [2]
__iar_program_start      0x800'47e5          Code  Gb  cstartup_M.o [4]
__iar_scalbln64          0x800'1361          Code  Gb  ldexp.o [3]
__iar_scalbn64           0x800'1361          Code  Gb  ldexp.o [3]
__iar_sh_stdout          0x800'412d    0x20  Code  Gb  iarwstd.o [5]
__iar_sh_write           0x800'414d    0x22  Code  Gb  iarwrite.o [5]
__iar_ttio_guard_lock    0x800'1e49    0x1e  Code  Gb  XShttio.o [2]
__iar_ttio_guard_unlock
                         0x800'1e67    0x10  Code  Gb  XShttio.o [2]
__iar_ttio_handles      0x2000'0004     0x8  Data  Lc  XShttio.o [2]
__iar_zero_init3         0x800'1093    0x3a  Code  Gb  zero_init3.o [4]
__low_level_init         0x800'4437     0x4  Code  Gb  low_level_init.o [2]
__vector_table           0x800'0000          Data  Gb  startup_stm32f103xb.o [1]
__write                  0x800'3c19    0x10  Code  Gb  write.o [5]
_call_main               0x800'4425          Code  Gb  cmain.o [4]
_exit                    0x800'4441          Code  Gb  cexit.o [4]
_main                    0x800'4433          Code  Gb  cmain.o [4]
_print_buffer            0x800'1e85    0x2c  Code  Lc  main.o [1]
_uart_en                 0x800'2a43     0xa  Code  Lc  uart.o [1]
_uart_init               0x800'29d3    0x70  Code  Lc  uart.o [1]
abort                    0x800'1c41     0x6  Code  Gb  abort.o [2]
analis_data              0x800'390f    0x6c  Code  Gb  timer.o [1]
answer_ADR               0x800'4790     0xc  Data  Gb  main.o [1]
answer_AppSKey           0x800'42a4    0x34  Data  Gb  main.o [1]
answer_Class             0x800'479c     0xc  Data  Gb  main.o [1]
answer_DEVADDR           0x800'4468    0x1c  Data  Gb  main.o [1]
answer_EU433             0x800'4704    0x10  Data  Gb  main.o [1]
answer_NwkSKey           0x800'4270    0x34  Data  Gb  main.o [1]
answer_Port              0x800'4778     0xc  Data  Gb  main.o [1]
answer_RXWIN2            0x800'4644    0x1c  Data  Gb  main.o [1]
answer_check_link        0x800'4754     0xc  Data  Gb  main.o [1]
answer_default_Data_Rate
                         0x800'43d8    0x20  Data  Gb  main.o [1]
answer_default_Power     0x800'4724    0x10  Data  Gb  main.o [1]
answer_devEUI            0x800'4300    0x28  Data  Gb  main.o [1]
answer_set_channel0      0x800'44a0    0x1c  Data  Gb  main.o [1]
answer_set_channel1      0x800'44d8    0x1c  Data  Gb  main.o [1]
answer_set_channel2      0x800'4510    0x1c  Data  Gb  main.o [1]
answer_set_channel3      0x800'4548    0x1c  Data  Gb  main.o [1]
answer_set_channel4      0x800'4580    0x1c  Data  Gb  main.o [1]
answer_set_channel5      0x800'45b8    0x1c  Data  Gb  main.o [1]
answer_set_channel6      0x800'45f0    0x1c  Data  Gb  main.o [1]
answer_set_channel7      0x800'4628    0x1c  Data  Gb  main.o [1]
calc_crc                 0x800'3895     0xa  Code  Gb  timer.o [1]
calc_humi                0x800'389f    0x22  Code  Gb  timer.o [1]
calc_temp                0x800'38c1    0x4e  Code  Gb  timer.o [1]
cayenne_lpp_add_digital_output
                         0x800'3745    0x52  Code  Gb  cayenne_lpp.o [1]
cayenne_lpp_add_relative_humidity
                         0x800'380b    0x5c  Code  Gb  cayenne_lpp.o [1]
cayenne_lpp_add_temperature
                         0x800'3797    0x74  Code  Gb  cayenne_lpp.o [1]
cayenne_lpp_reset        0x800'372d    0x18  Code  Gb  cayenne_lpp.o [1]
check_link               0x800'480c     0x8  Data  Gb  main.o [1]
clear_array              0x800'3879    0x1c  Code  Gb  timer.o [1]
compare_answer           0x800'3b89    0x3a  Code  Gb  modemRHF78-052.o [1]
data_conversion          0x800'397b    0xa8  Code  Gb  timer.o [1]
default_Data_Rate        0x800'4760     0xc  Data  Gb  main.o [1]
default_Power            0x800'4714    0x10  Data  Gb  main.o [1]
delay                   0x2000'456c    0x2c  Data  Gb  timer.o [1]
disableINT               0x800'3a3f    0x1c  Code  Gb  timer.o [1]
dt                      0x2000'4614     0x8  Data  Gb  timer.o [1]
enableINT                0x800'3a23    0x1c  Code  Gb  timer.o [1]
exit                     0x800'443b     0x4  Code  Gb  exit.o [2]
frexp                    0x800'1291          Code  Gb  frexp.o [3]
frexpl                   0x800'1291          Code  Gb  frexp.o [3]
get_data_from_DHT22      0x800'3a73    0x26  Code  Gb  timer.o [1]
get_payload_string       0x800'1eb1    0x34  Code  Lc  main.o [1]
inputFloatingPA6         0x800'284f    0x24  Code  Gb  gpio.o [1]
ldexp                    0x800'1361          Code  Gb  ldexp.o [3]
ldexpl                   0x800'1361          Code  Gb  ldexp.o [3]
main                     0x800'1ee5    0xa0  Code  Gb  main.o [1]
memchr                   0x800'1191          Code  Gb  memchr.o [4]
n                       0x2000'4672     0x1  Data  Gb  timer.o [1]
outputOpenDrainPA6       0x800'2825    0x2a  Code  Gb  gpio.o [1]
printf                   0x800'263d    0x28  Code  Gb  printf.o [2]
prvAddCurrentTaskToDelayedList
                         0x800'3615    0x6e  Code  Lc  tasks.o [1]
prvAddNewTaskToReadyList
                         0x800'30db    0x9a  Code  Lc  tasks.o [1]
prvCheckTasksWaitingTermination
                         0x800'3575    0x36  Code  Lc  tasks.o [1]
prvCopyDataFromQueue     0x800'2f07    0x2a  Code  Lc  queue.o [1]
prvCopyDataToQueue       0x800'2e95    0x72  Code  Lc  queue.o [1]
prvDeleteTCB             0x800'35ab    0x12  Code  Lc  tasks.o [1]
prvIdleTask              0x800'3501    0x22  Code  Lc  tasks.o [1]
prvInitialiseNewQueue    0x800'2c6f    0x1c  Code  Lc  queue.o [1]
prvInitialiseNewTask     0x800'3045    0x96  Code  Lc  tasks.o [1]
prvInitialiseTaskLists   0x800'3523    0x52  Code  Lc  tasks.o [1]
prvIsQueueEmpty          0x800'2f9f    0x1c  Code  Lc  queue.o [1]
prvIsQueueFull           0x800'2fbb    0x1e  Code  Lc  queue.o [1]
prvResetNextTaskUnblockTime
                         0x800'35bd    0x28  Code  Lc  tasks.o [1]
prvTaskExitError         0x800'3ce9    0x10  Code  Lc  port.o [1]
prvUnlockQueue           0x800'2f31    0x6e  Code  Lc  queue.o [1]
putchar                  0x800'43f9    0x20  Code  Gb  putchar.o [2]
puts                     0x800'2665    0x34  Code  Gb  puts.o [2]
puts::newline            0x800'2698     0x1  Data  Lc  puts.o [2]
pvPortMalloc             0x800'3e45    0x58  Code  Gb  heap_1.o [1]
pvPortMalloc::pucAlignedHeap
                        0x2000'4620     0x4  Data  Lc  heap_1.o [1]
pxCurrentTCB            0x2000'4630     0x4  Data  Gb  tasks.o [1]
pxDelayedTaskList       0x2000'4634     0x4  Data  Lc  tasks.o [1]
pxOverflowDelayedTaskList
                        0x2000'4638     0x4  Data  Lc  tasks.o [1]
pxPortInitialiseStack    0x800'3cc9    0x20  Code  Gb  port.o [1]
pxReadyTasksLists       0x2000'44d4    0x64  Data  Lc  tasks.o [1]
ring_get                 0x800'2ac5    0x24  Code  Lc  uart.o [1]
ring_put                 0x800'2ae9    0x48  Code  Lc  uart.o [1]
rx_buff2                0x2000'440c    0xc8  Data  Lc  uart.o [1]
rx_fifo2                0x2000'4608     0xc  Data  Lc  uart.o [1]
scalbln                  0x800'1361          Code  Gb  ldexp.o [3]
scalblnl                 0x800'1361          Code  Gb  ldexp.o [3]
scalbn                   0x800'1361          Code  Gb  ldexp.o [3]
scalbnl                  0x800'1361          Code  Gb  ldexp.o [3]
scale                    0x800'0f97    0x46  Code  Lc  xprintffull_nomb.o [2]
sec_hand                0x2000'466c     0x4  Data  Lc  xfail_s.o [2]
send_AT_command          0x800'3b49    0x40  Code  Gb  modemRHF78-052.o [1]
set_DEVADDR              0x800'444c    0x1c  Data  Gb  main.o [1]
set_channel0             0x800'4484    0x1c  Data  Gb  main.o [1]
set_channel1             0x800'44bc    0x1c  Data  Gb  main.o [1]
set_channel2             0x800'44f4    0x1c  Data  Gb  main.o [1]
set_channel3             0x800'452c    0x1c  Data  Gb  main.o [1]
set_channel4             0x800'4564    0x1c  Data  Gb  main.o [1]
set_channel5             0x800'459c    0x1c  Data  Gb  main.o [1]
set_channel6             0x800'45d4    0x1c  Data  Gb  main.o [1]
set_channel7             0x800'460c    0x1c  Data  Gb  main.o [1]
set_devEUI               0x800'4350    0x24  Data  Gb  main.o [1]
sprintf                  0x800'269d    0x40  Code  Gb  sprintf.o [2]
strcat                   0x800'26dd    0x1e  Code  Gb  strcat.o [2]
strchr                   0x800'10cd          Code  Gb  strchr.o [4]
strlen                   0x800'1151          Code  Gb  strlen.o [4]
ttio_guard              0x2000'4673     0x1  Data  Lc  XShttio.o [2]
tx_buff2                0x2000'4538    0x34  Data  Lc  uart.o [1]
tx_fifo2                0x2000'45fc     0xc  Data  Lc  uart.o [1]
ucHeap                  0x2000'000c  0x4400  Data  Lc  heap_1.o [1]
uxCriticalNesting       0x2000'0000     0x4  Data  Lc  port.o [1]
uxCurrentNumberOfTasks  0x2000'4640     0x4  Data  Lc  tasks.o [1]
uxDeletedTasksWaitingCleanUp
                        0x2000'463c     0x4  Data  Lc  tasks.o [1]
uxListRemove             0x800'3e1f    0x26  Code  Gb  list.o [1]
uxSchedulerSuspended    0x2000'4668     0x4  Data  Lc  tasks.o [1]
uxTaskNumber            0x2000'465c     0x4  Data  Lc  tasks.o [1]
uxTopReadyPriority      0x2000'4648     0x4  Data  Lc  tasks.o [1]
vFan                     0x800'1f85    0x1c  Code  Gb  main.o [1]
vListInitialise          0x800'3dad    0x1e  Code  Gb  list.o [1]
vListInitialiseItem      0x800'3dcb     0x6  Code  Gb  list.o [1]
vListInsert              0x800'3de9    0x36  Code  Gb  list.o [1]
vListInsertEnd           0x800'3dd1    0x18  Code  Gb  list.o [1]
vLoRaWAN_modem           0x800'201d   0x552  Code  Gb  main.o [1]
vPortEnterCritical       0x800'3d1f    0x18  Code  Gb  port.o [1]
vPortExitCritical        0x800'3d37    0x16  Code  Gb  port.o [1]
vPortFree                0x800'3e9d     0x2  Code  Gb  heap_1.o [1]
vPortStartFirstTask      0x800'410b          Code  Gb  portasm.o [1]
vTaskDelay               0x800'3175    0x32  Code  Gb  tasks.o [1]
vTaskInternalSetTimeOutState
                         0x800'348b    0x12  Code  Gb  tasks.o [1]
vTaskMissedYield         0x800'34f5     0xa  Code  Gb  tasks.o [1]
vTaskPlaceOnEventList    0x800'3409    0x1a  Code  Gb  tasks.o [1]
vTaskStartScheduler      0x800'31a7    0x4e  Code  Gb  tasks.o [1]
vTaskSuspendAll          0x800'31f5     0xc  Code  Gb  tasks.o [1]
vTaskSwitchContext       0x800'33b3    0x56  Code  Gb  tasks.o [1]
vTemp_Humi_measurement   0x800'1fa1    0x78  Code  Gb  main.o [1]
xDelayedTaskList1       0x2000'4598    0x14  Data  Lc  tasks.o [1]
xDelayedTaskList2       0x2000'45ac    0x14  Data  Lc  tasks.o [1]
xIdleTaskHandle         0x2000'4664     0x4  Data  Lc  tasks.o [1]
xNextFreeByte           0x2000'461c     0x4  Data  Lc  heap_1.o [1]
xNextTaskUnblockTime    0x2000'4660     0x4  Data  Lc  tasks.o [1]
xNumOfOverflows         0x2000'4658     0x4  Data  Lc  tasks.o [1]
xPendedTicks            0x2000'4650     0x4  Data  Lc  tasks.o [1]
xPendingReadyList       0x2000'45c0    0x14  Data  Lc  tasks.o [1]
xPortStartScheduler      0x800'3cf9    0x26  Code  Gb  port.o [1]
xQueueGenericCreate      0x800'2c3f    0x30  Code  Gb  queue.o [1]
xQueueGenericReset       0x800'2bc1    0x7e  Code  Gb  queue.o [1]
xQueueGenericSend        0x800'2c8b   0x10e  Code  Gb  queue.o [1]
xQueueReceive            0x800'2d99    0xf6  Code  Gb  queue.o [1]
xQueue_data_for_Fan     0x2000'462c     0x4  Data  Gb  main.o [1]
xQueue_for_send_to_APServer
                        0x2000'4624     0x4  Data  Gb  main.o [1]
xQueue_received_data_from_app_server
                        0x2000'4628     0x4  Data  Gb  main.o [1]
xSchedulerRunning       0x2000'464c     0x4  Data  Lc  tasks.o [1]
xSuspendedTaskList      0x2000'45e8    0x14  Data  Lc  tasks.o [1]
xTaskCheckForTimeOut     0x800'349d    0x58  Code  Gb  tasks.o [1]
xTaskCreate              0x800'2fd9    0x6c  Code  Gb  tasks.o [1]
xTaskIncrementTick       0x800'32cf    0xe4  Code  Gb  tasks.o [1]
xTaskRemoveFromEventList
                         0x800'3423    0x68  Code  Gb  tasks.o [1]
xTaskResumeAll           0x800'3201    0xce  Code  Gb  tasks.o [1]
xTasksWaitingTermination
                        0x2000'45d4    0x14  Data  Lc  tasks.o [1]
xTickCount              0x2000'4644     0x4  Data  Lc  tasks.o [1]
xYieldPending           0x2000'4654     0x4  Data  Lc  tasks.o [1]


[1] = C:\Users\MrZang\IAR_prj\Fan_controller\Class_C\Obj
[2] = dl7M_tln.a
[3] = m7M_tl.a
[4] = rt7M_tl.a
[5] = shb_l.a

  17'200 bytes of readonly  code memory
   1'456 bytes of readonly  data memory
  20'084 bytes of readwrite data memory

Errors: none
Warnings: none
