###############################################################################
#
# IAR ELF Linker V8.50.4.261/W32 for ARM                  07/Nov/2020  19:45:36
# Copyright 2007-2020 IAR Systems AB.
#
#    Output file  =
#        C:\Users\MrZang\IAR_prj\Fan_controller\Class_C\Exe\Fan_controller.out
#    Map file     =
#        C:\Users\MrZang\IAR_prj\Fan_controller\Class_C\List\Fan_controller.map
#    Command line =
#        -f C:\Users\MrZang\AppData\Local\Temp\EW2A67.tmp
#        (C:\Users\MrZang\IAR_prj\Fan_controller\Class_C\Obj\cayenne_lpp.o
#        C:\Users\MrZang\IAR_prj\Fan_controller\Class_C\Obj\clock.o
#        C:\Users\MrZang\IAR_prj\Fan_controller\Class_C\Obj\croutine.o
#        C:\Users\MrZang\IAR_prj\Fan_controller\Class_C\Obj\event_groups.o
#        C:\Users\MrZang\IAR_prj\Fan_controller\Class_C\Obj\gpio.o
#        C:\Users\MrZang\IAR_prj\Fan_controller\Class_C\Obj\heap_1.o
#        C:\Users\MrZang\IAR_prj\Fan_controller\Class_C\Obj\list.o
#        C:\Users\MrZang\IAR_prj\Fan_controller\Class_C\Obj\main.o
#        C:\Users\MrZang\IAR_prj\Fan_controller\Class_C\Obj\modemRHF78-052.o
#        C:\Users\MrZang\IAR_prj\Fan_controller\Class_C\Obj\port.o
#        C:\Users\MrZang\IAR_prj\Fan_controller\Class_C\Obj\portasm.o
#        C:\Users\MrZang\IAR_prj\Fan_controller\Class_C\Obj\queue.o
#        C:\Users\MrZang\IAR_prj\Fan_controller\Class_C\Obj\RingFIFO.o
#        C:\Users\MrZang\IAR_prj\Fan_controller\Class_C\Obj\startup_stm32f103xb.o
#        C:\Users\MrZang\IAR_prj\Fan_controller\Class_C\Obj\stream_buffer.o
#        C:\Users\MrZang\IAR_prj\Fan_controller\Class_C\Obj\system_stm32f1xx.o
#        C:\Users\MrZang\IAR_prj\Fan_controller\Class_C\Obj\tasks.o
#        C:\Users\MrZang\IAR_prj\Fan_controller\Class_C\Obj\timer.o
#        C:\Users\MrZang\IAR_prj\Fan_controller\Class_C\Obj\timers.o
#        C:\Users\MrZang\IAR_prj\Fan_controller\Class_C\Obj\uart.o
#        --no_out_extension -o
#        C:\Users\MrZang\IAR_prj\Fan_controller\Class_C\Exe\Fan_controller.out
#        --redirect _Printf=_PrintfFullNoMb --redirect _Scanf=_ScanfFullNoMb
#        --map
#        C:\Users\MrZang\IAR_prj\Fan_controller\Class_C\List\Fan_controller.map
#        --config "C:\Program Files (x86)\IAR Systems\Embedded Workbench
#        8.4\arm\config\linker\ST\stm32f103x8.icf" --semihosting --entry
#        __iar_program_start --vfe --text_out locale)
#
###############################################################################

*******************************************************************************
*** RUNTIME MODEL ATTRIBUTES
***

CppFlavor       = *
__SystemLibrary = DLib
__dlib_version  = 6


*******************************************************************************
*** HEAP SELECTION
***

The basic heap was selected because some modules are built with
size limitations (and not runtime checking), and --advanced_heap
was not specified.


*******************************************************************************
*** PLACEMENT SUMMARY
***

"A0":  place at address 0x800'0000 { ro section .intvec };
"P1":  place in [from 0x800'0000 to 0x800'ffff] { ro };
define block CSTACK with size = 2K, alignment = 8 { };
define block HEAP with size = 2K, alignment = 8 { };
"P2":  place in [from 0x2000'0000 to 0x2000'4fff] {
          rw, block CSTACK, block HEAP };
initialize by copy { rw };

  Section            Kind         Address    Size  Object
  -------            ----         -------    ----  ------
"A0":                                        0xec
  .intvec            ro code   0x800'0000    0xec  startup_stm32f103xb.o [1]
                             - 0x800'00ec    0xec

"P1":                                      0x12bc
  .text              ro code   0x800'00ec   0x5f4  tasks.o [1]
  .text              ro code   0x800'06e0    0x68  heap_1.o [1]
  .text              ro code   0x800'0748    0x98  list.o [1]
  .text              ro code   0x800'07e0    0xe4  port.o [1]
  CODE               ro code   0x800'08c4    0x88  portasm.o [1]
  .text              ro code   0x800'094c   0x268  timer.o [1]
  .text              ro code   0x800'0bb4    0xb4  gpio.o [1]
  .text              ro code   0x800'0c68   0x224  uart.o [1]
  .text              ro code   0x800'0e8c    0x9a  RingFIFO.o [1]
  .text              ro code   0x800'0f26    0x3a  zero_init3.o [4]
  .text              ro code   0x800'0f60    0xec  clock.o [1]
  .text              ro code   0x800'104c    0xd8  main.o [1]
  .text              ro code   0x800'1124    0x58  system_stm32f1xx.o [1]
  .text              ro code   0x800'117c    0x2e  copy_init3.o [4]
  .text              ro code   0x800'11ac    0x2c  iarttio.o [5]
  .text              ro code   0x800'11d8     0xc  XShttio.o [2]
  .rodata            const     0x800'11e4    0x28  main.o [1]
  .text              ro code   0x800'120c    0x28  data_init.o [4]
  .iar.init_table    const     0x800'1234    0x24  - Linker created -
  .text              ro code   0x800'1258    0x1e  cmain.o [4]
  .text              ro code   0x800'1276     0x4  low_level_init.o [2]
  .text              ro code   0x800'127a     0x4  exit.o [2]
  .text              ro code   0x800'1280     0xa  cexit.o [4]
  .text              ro code   0x800'128c    0x14  exit.o [5]
  .rodata            const     0x800'12a0    0x10  main.o [1]
  .text              ro code   0x800'12b0    0x10  startup_stm32f103xb.o [1]
  .rodata            const     0x800'12c0     0xc  main.o [1]
  .text              ro code   0x800'12cc     0xc  cstartup_M.o [4]
  Initializer bytes  const     0x800'12d8     0xc  <for P2-1>
  .rodata            const     0x800'12e4     0x8  tasks.o [1]
  .text              ro code   0x800'12ec     0x4  startup_stm32f103xb.o [1]
  .text              ro code   0x800'12f0     0x4  startup_stm32f103xb.o [1]
  .text              ro code   0x800'12f4     0x4  startup_stm32f103xb.o [1]
  .text              ro code   0x800'12f8     0x4  startup_stm32f103xb.o [1]
  .text              ro code   0x800'12fc     0x4  startup_stm32f103xb.o [1]
  .text              ro code   0x800'1300     0x4  startup_stm32f103xb.o [1]
  .text              ro code   0x800'1304     0x4  startup_stm32f103xb.o [1]
  .text              ro code   0x800'1308     0x4  startup_stm32f103xb.o [1]
  .text              ro code   0x800'130c     0x4  startup_stm32f103xb.o [1]
  .text              ro code   0x800'1310     0x4  startup_stm32f103xb.o [1]
  .text              ro code   0x800'1314     0x4  startup_stm32f103xb.o [1]
  .text              ro code   0x800'1318     0x4  startup_stm32f103xb.o [1]
  .text              ro code   0x800'131c     0x4  startup_stm32f103xb.o [1]
  .text              ro code   0x800'1320     0x4  startup_stm32f103xb.o [1]
  .text              ro code   0x800'1324     0x4  startup_stm32f103xb.o [1]
  .text              ro code   0x800'1328     0x4  startup_stm32f103xb.o [1]
  .text              ro code   0x800'132c     0x4  startup_stm32f103xb.o [1]
  .text              ro code   0x800'1330     0x4  startup_stm32f103xb.o [1]
  .text              ro code   0x800'1334     0x4  startup_stm32f103xb.o [1]
  .text              ro code   0x800'1338     0x4  startup_stm32f103xb.o [1]
  .text              ro code   0x800'133c     0x4  startup_stm32f103xb.o [1]
  .text              ro code   0x800'1340     0x4  startup_stm32f103xb.o [1]
  .text              ro code   0x800'1344     0x4  startup_stm32f103xb.o [1]
  .text              ro code   0x800'1348     0x4  startup_stm32f103xb.o [1]
  .text              ro code   0x800'134c     0x4  startup_stm32f103xb.o [1]
  .text              ro code   0x800'1350     0x4  startup_stm32f103xb.o [1]
  .text              ro code   0x800'1354     0x4  startup_stm32f103xb.o [1]
  .text              ro code   0x800'1358     0x4  startup_stm32f103xb.o [1]
  .text              ro code   0x800'135c     0x4  startup_stm32f103xb.o [1]
  .text              ro code   0x800'1360     0x4  startup_stm32f103xb.o [1]
  .text              ro code   0x800'1364     0x4  startup_stm32f103xb.o [1]
  .text              ro code   0x800'1368     0x4  startup_stm32f103xb.o [1]
  .text              ro code   0x800'136c     0x4  startup_stm32f103xb.o [1]
  .text              ro code   0x800'1370     0x4  startup_stm32f103xb.o [1]
  .text              ro code   0x800'1374     0x4  startup_stm32f103xb.o [1]
  .text              ro code   0x800'1378     0x4  startup_stm32f103xb.o [1]
  .text              ro code   0x800'137c     0x4  startup_stm32f103xb.o [1]
  .text              ro code   0x800'1380     0x4  startup_stm32f103xb.o [1]
  .text              ro code   0x800'1384     0x4  startup_stm32f103xb.o [1]
  .text              ro code   0x800'1388     0x4  startup_stm32f103xb.o [1]
  .text              ro code   0x800'138c     0x4  startup_stm32f103xb.o [1]
  .text              ro code   0x800'1390     0x4  startup_stm32f103xb.o [1]
  .text              ro code   0x800'1394     0x4  startup_stm32f103xb.o [1]
  .text              ro code   0x800'1398     0x4  startup_stm32f103xb.o [1]
  .text              ro code   0x800'139c     0x4  startup_stm32f103xb.o [1]
  .text              ro code   0x800'13a0     0x4  startup_stm32f103xb.o [1]
  .text              ro code   0x800'13a4     0x4  startup_stm32f103xb.o [1]
  .rodata            const     0x800'13a8     0x0  zero_init3.o [4]
  .rodata            const     0x800'13a8     0x0  copy_init3.o [4]
                             - 0x800'13a8  0x12bc

"P2", part 1 of 3:                            0xc
  P2-1                        0x2000'0000     0xc  <Init block>
    .data            inited   0x2000'0000     0x4  port.o [1]
    .data            inited   0x2000'0004     0x8  XShttio.o [2]
                            - 0x2000'000c     0xc

"P2", part 2 of 3:                         0x46c4
  .bss               zero     0x2000'000c  0x4400  heap_1.o [1]
  .bss               zero     0x2000'440c    0xc8  uart.o [1]
  .bss               zero     0x2000'44d4    0xa0  timer.o [1]
  .bss               zero     0x2000'4574    0x64  tasks.o [1]
  .bss               zero     0x2000'45d8    0x34  uart.o [1]
  .bss               zero     0x2000'460c    0x14  tasks.o [1]
  .bss               zero     0x2000'4620    0x14  tasks.o [1]
  .bss               zero     0x2000'4634    0x14  tasks.o [1]
  .bss               zero     0x2000'4648    0x14  tasks.o [1]
  .bss               zero     0x2000'465c    0x14  tasks.o [1]
  .bss               zero     0x2000'4670     0xc  uart.o [1]
  .bss               zero     0x2000'467c     0xc  uart.o [1]
  .bss               zero     0x2000'4688     0x4  heap_1.o [1]
  .bss               zero     0x2000'468c     0x4  heap_1.o [1]
  .bss               zero     0x2000'4690     0x4  tasks.o [1]
  .bss               zero     0x2000'4694     0x4  tasks.o [1]
  .bss               zero     0x2000'4698     0x4  tasks.o [1]
  .bss               zero     0x2000'469c     0x4  tasks.o [1]
  .bss               zero     0x2000'46a0     0x4  tasks.o [1]
  .bss               zero     0x2000'46a4     0x4  tasks.o [1]
  .bss               zero     0x2000'46a8     0x4  tasks.o [1]
  .bss               zero     0x2000'46ac     0x4  tasks.o [1]
  .bss               zero     0x2000'46b0     0x4  tasks.o [1]
  .bss               zero     0x2000'46b4     0x4  tasks.o [1]
  .bss               zero     0x2000'46b8     0x4  tasks.o [1]
  .bss               zero     0x2000'46bc     0x4  tasks.o [1]
  .bss               zero     0x2000'46c0     0x4  tasks.o [1]
  .bss               zero     0x2000'46c4     0x4  tasks.o [1]
  .bss               zero     0x2000'46c8     0x4  tasks.o [1]
  .bss               zero     0x2000'46cc     0x2  uart.o [1]
  .bss               zero     0x2000'46ce     0x1  timer.o [1]
  .bss               zero     0x2000'46cf     0x1  timer.o [1]
                            - 0x2000'46d0  0x46c4

"P2", part 3 of 3:                          0x800
  CSTACK                      0x2000'46d0   0x800  <Block>
    CSTACK           uninit   0x2000'46d0   0x800  <Block tail>
                            - 0x2000'4ed0   0x800

Unused ranges:

         From           To    Size
         ----           --    ----
   0x800'13a8   0x800'ffff  0xec58
  0x2000'4ed0  0x2000'4fff   0x130


*******************************************************************************
*** INIT TABLE
***

          Address      Size
          -------      ----
Zero (__iar_zero_init3)
    1 destination range, total size 0x46c4:
          0x2000'000c  0x46c4

Copy (__iar_copy_init3)
    1 source range, total size 0xc:
           0x800'12d8     0xc
    1 destination range, total size 0xc:
          0x2000'0000     0xc



*******************************************************************************
*** MODULE SUMMARY
***

    Module                 ro code  ro data  rw data
    ------                 -------  -------  -------
command line/config:
    ------------------------------------------------
    Total:

C:\Users\MrZang\IAR_prj\Fan_controller\Class_C\Obj: [1]
    RingFIFO.o                 154
    clock.o                    236
    gpio.o                     180
    heap_1.o                   104            17'416
    list.o                     152
    main.o                     216       68
    port.o                     228        4        4
    portasm.o                  136
    startup_stm32f103xb.o      440
    system_stm32f1xx.o          88
    tasks.o                  1'524        8      260
    timer.o                    616               162
    uart.o                     548               278
    ------------------------------------------------
    Total:                   4'622       80   18'120

dl7M_tln.a: [2]
    XShttio.o                   12        8        8
    exit.o                       4
    low_level_init.o             4
    ------------------------------------------------
    Total:                      20        8        8

m7M_tl.a: [3]
    ------------------------------------------------
    Total:

rt7M_tl.a: [4]
    cexit.o                     10
    cmain.o                     30
    copy_init3.o                46
    cstartup_M.o                12
    data_init.o                 40
    zero_init3.o                58
    ------------------------------------------------
    Total:                     196

shb_l.a: [5]
    exit.o                      20
    iarttio.o                   44
    ------------------------------------------------
    Total:                      64

    Gaps                         6
    Linker created                       36    2'048
----------------------------------------------------
    Grand Total:             4'908      124   20'176


*******************************************************************************
*** ENTRY LIST
***

Entry                       Address    Size  Type      Object
-----                       -------    ----  ----      ------
.iar.init_table$$Base    0x800'1234           --   Gb  - Linker created -
.iar.init_table$$Limit   0x800'1258           --   Gb  - Linker created -
?main                    0x800'1259          Code  Gb  cmain.o [4]
CSTACK$$Base            0x2000'46d0           --   Gb  - Linker created -
CSTACK$$Limit           0x2000'4ed0           --   Gb  - Linker created -
ClockInit                0x800'0f61    0x86  Code  Gb  clock.o [1]
Decr                     0x800'0eb1     0xe  Code  Lc  RingFIFO.o [1]
GPIO_EXTI_Init           0x800'0bb5    0x36  Code  Gb  gpio.o [1]
GPIO_PA6_Mode            0x800'0beb    0x56  Code  Gb  gpio.o [1]
Incr                     0x800'0ea1    0x10  Code  Lc  RingFIFO.o [1]
NVIC_EnableIRQ           0x800'094d    0x14  Code  Lc  timer.o [1]
NVIC_EnableIRQ           0x800'0c69    0x14  Code  Lc  uart.o [1]
PendSV_Handler           0x800'08c5          Code  Gb  portasm.o [1]
PortSetHi                0x800'0c41     0xa  Code  Gb  gpio.o [1]
PortSetLow               0x800'0c4b     0xa  Code  Gb  gpio.o [1]
RCC_DeInit               0x800'0fe7    0x56  Code  Gb  clock.o [1]
RXNEIEnable              0x800'0df7     0xa  Code  Lc  uart.o [1]
Region$$Table$$Base      0x800'1234           --   Gb  - Linker created -
Region$$Table$$Limit     0x800'1258           --   Gb  - Linker created -
RingBuffGet              0x800'0ee9    0x3a  Code  Gb  RingFIFO.o [1]
RingBuffInit             0x800'0ebf     0xe  Code  Gb  RingFIFO.o [1]
RingBuffNumOfItems       0x800'0f23     0x4  Code  Gb  RingFIFO.o [1]
RingBuffPut              0x800'0ecd    0x1c  Code  Gb  RingFIFO.o [1]
RingIncr                 0x800'0e8d    0x14  Code  Lc  RingFIFO.o [1]
RxPinInit                0x800'0dbf    0x2e  Code  Lc  uart.o [1]
SVC_Handler              0x800'090b          Code  Gb  portasm.o [1]
SysTick_Handler          0x800'0865    0x28  Code  Gb  port.o [1]
SystemInit               0x800'1125    0x3e  Code  Gb  system_stm32f1xx.o [1]
TIM3_IRQHandler          0x800'0ad9    0x9a  Code  Gb  timer.o [1]
TIM3_Init                0x800'0961    0x2c  Code  Gb  timer.o [1]
TIM3_Mode                0x800'098d   0x14c  Code  Gb  timer.o [1]
TXEIDisable              0x800'0ded     0xa  Code  Lc  uart.o [1]
TxPinInit                0x800'0d93    0x2c  Code  Lc  uart.o [1]
UARTInitStr              0x800'12c0     0xc  Data  Lc  main.o [1]
UART_Init                0x800'0c7d    0x9c  Code  Gb  uart.o [1]
USART2_IRQHandler        0x800'0e01    0x52  Code  Gb  uart.o [1]
USART2_IRQHandler::tmp  0x2000'46cc     0x2  Data  Lc  uart.o [1]
__cmain                  0x800'1259          Code  Gb  cmain.o [4]
__exit                   0x800'128d    0x14  Code  Gb  exit.o [5]
__iar_close_ttio         0x800'11ad    0x2c  Code  Gb  iarttio.o [5]
__iar_copy_init3         0x800'117d    0x2e  Code  Gb  copy_init3.o [4]
__iar_data_init3         0x800'120d    0x28  Code  Gb  data_init.o [4]
__iar_lookup_ttioh       0x800'11d9     0x4  Code  Gb  XShttio.o [2]
__iar_program_start      0x800'12cd          Code  Gb  cstartup_M.o [4]
__iar_ttio_handles      0x2000'0004     0x8  Data  Lc  XShttio.o [2]
__iar_zero_init3         0x800'0f27    0x3a  Code  Gb  zero_init3.o [4]
__low_level_init         0x800'1277     0x4  Code  Gb  low_level_init.o [2]
__vector_table           0x800'0000          Data  Gb  startup_stm32f103xb.o [1]
_call_main               0x800'1265          Code  Gb  cmain.o [4]
_exit                    0x800'1281          Code  Gb  cexit.o [4]
_main                    0x800'1273          Code  Gb  cmain.o [4]
_uart_en                 0x800'0d89     0xa  Code  Lc  uart.o [1]
_uart_init               0x800'0d19    0x70  Code  Lc  uart.o [1]
exit                     0x800'127b     0x4  Code  Gb  exit.o [2]
main                     0x800'104d    0x5a  Code  Gb  main.o [1]
modeT                   0x2000'46ce     0x1  Data  Gb  timer.o [1]
n                       0x2000'46cf     0x1  Data  Gb  timer.o [1]
prvAddCurrentTaskToDelayedList
                         0x800'0631    0x6e  Code  Lc  tasks.o [1]
prvAddNewTaskToReadyList
                         0x800'01ef    0x9a  Code  Lc  tasks.o [1]
prvCheckTasksWaitingTermination
                         0x800'0591    0x36  Code  Lc  tasks.o [1]
prvDeleteTCB             0x800'05c7    0x12  Code  Lc  tasks.o [1]
prvIdleTask              0x800'051d    0x22  Code  Lc  tasks.o [1]
prvInitialiseNewTask     0x800'0159    0x96  Code  Lc  tasks.o [1]
prvInitialiseTaskLists   0x800'053f    0x52  Code  Lc  tasks.o [1]
prvResetNextTaskUnblockTime
                         0x800'05d9    0x28  Code  Lc  tasks.o [1]
prvTaskExitError         0x800'0801    0x10  Code  Lc  port.o [1]
pvPortMalloc             0x800'06e1    0x58  Code  Gb  heap_1.o [1]
pvPortMalloc::pucAlignedHeap
                        0x2000'468c     0x4  Data  Lc  heap_1.o [1]
pxCurrentTCB            0x2000'4690     0x4  Data  Gb  tasks.o [1]
pxDelayedTaskList       0x2000'4694     0x4  Data  Lc  tasks.o [1]
pxOverflowDelayedTaskList
                        0x2000'4698     0x4  Data  Lc  tasks.o [1]
pxPortInitialiseStack    0x800'07e1    0x20  Code  Gb  port.o [1]
pxReadyTasksLists       0x2000'4574    0x64  Data  Lc  tasks.o [1]
rx_buff2                0x2000'440c    0xc8  Data  Lc  uart.o [1]
rx_fifo2                0x2000'467c     0xc  Data  Lc  uart.o [1]
time                    0x2000'44d4    0xa0  Data  Gb  timer.o [1]
tx_buff2                0x2000'45d8    0x34  Data  Lc  uart.o [1]
tx_fifo2                0x2000'4670     0xc  Data  Lc  uart.o [1]
ucHeap                  0x2000'000c  0x4400  Data  Lc  heap_1.o [1]
uxCriticalNesting       0x2000'0000     0x4  Data  Lc  port.o [1]
uxCurrentNumberOfTasks  0x2000'46a0     0x4  Data  Lc  tasks.o [1]
uxDeletedTasksWaitingCleanUp
                        0x2000'469c     0x4  Data  Lc  tasks.o [1]
uxListRemove             0x800'07bb    0x26  Code  Gb  list.o [1]
uxSchedulerSuspended    0x2000'46c8     0x4  Data  Lc  tasks.o [1]
uxTaskNumber            0x2000'46bc     0x4  Data  Lc  tasks.o [1]
uxTopReadyPriority      0x2000'46a8     0x4  Data  Lc  tasks.o [1]
vFan                     0x800'10a9    0x1c  Code  Gb  main.o [1]
vListInitialise          0x800'0749    0x1e  Code  Gb  list.o [1]
vListInitialiseItem      0x800'0767     0x6  Code  Gb  list.o [1]
vListInsert              0x800'0785    0x36  Code  Gb  list.o [1]
vListInsertEnd           0x800'076d    0x18  Code  Gb  list.o [1]
vPortEnterCritical       0x800'0837    0x18  Code  Gb  port.o [1]
vPortExitCritical        0x800'084f    0x16  Code  Gb  port.o [1]
vPortFree                0x800'0739     0x2  Code  Gb  heap_1.o [1]
vPortStartFirstTask      0x800'092b          Code  Gb  portasm.o [1]
vTaskDelay               0x800'0289    0x32  Code  Gb  tasks.o [1]
vTaskStartScheduler      0x800'02bb    0x4e  Code  Gb  tasks.o [1]
vTaskSuspendAll          0x800'0309     0xc  Code  Gb  tasks.o [1]
vTaskSwitchContext       0x800'04c7    0x56  Code  Gb  tasks.o [1]
vTemp_Humi_measurement   0x800'10c5    0x4c  Code  Gb  main.o [1]
xDelayedTaskList1       0x2000'460c    0x14  Data  Lc  tasks.o [1]
xDelayedTaskList2       0x2000'4620    0x14  Data  Lc  tasks.o [1]
xIdleTaskHandle         0x2000'46c4     0x4  Data  Lc  tasks.o [1]
xNextFreeByte           0x2000'4688     0x4  Data  Lc  heap_1.o [1]
xNextTaskUnblockTime    0x2000'46c0     0x4  Data  Lc  tasks.o [1]
xNumOfOverflows         0x2000'46b8     0x4  Data  Lc  tasks.o [1]
xPendedTicks            0x2000'46b0     0x4  Data  Lc  tasks.o [1]
xPendingReadyList       0x2000'4634    0x14  Data  Lc  tasks.o [1]
xPortStartScheduler      0x800'0811    0x26  Code  Gb  port.o [1]
xSchedulerRunning       0x2000'46ac     0x4  Data  Lc  tasks.o [1]
xSuspendedTaskList      0x2000'465c    0x14  Data  Lc  tasks.o [1]
xTaskCreate              0x800'00ed    0x6c  Code  Gb  tasks.o [1]
xTaskIncrementTick       0x800'03e3    0xe4  Code  Gb  tasks.o [1]
xTaskResumeAll           0x800'0315    0xce  Code  Gb  tasks.o [1]
xTasksWaitingTermination
                        0x2000'4648    0x14  Data  Lc  tasks.o [1]
xTickCount              0x2000'46a4     0x4  Data  Lc  tasks.o [1]
xYieldPending           0x2000'46b4     0x4  Data  Lc  tasks.o [1]


[1] = C:\Users\MrZang\IAR_prj\Fan_controller\Class_C\Obj
[2] = dl7M_tln.a
[3] = m7M_tl.a
[4] = rt7M_tl.a
[5] = shb_l.a

   4'908 bytes of readonly  code memory
     124 bytes of readonly  data memory
  20'176 bytes of readwrite data memory

Errors: none
Warnings: none
