###############################################################################
#
# IAR ELF Linker V8.50.4.261/W32 for ARM                  06/Nov/2020  20:18:51
# Copyright 2007-2020 IAR Systems AB.
#
#    Output file  =  D:\workspace\Fan_controller\Class_C\Exe\Fan_controller.out
#    Map file     =
#        D:\workspace\Fan_controller\Class_C\List\Fan_controller.map
#    Command line =
#        -f C:\Users\1FB5~1\AppData\Local\Temp\EWCC0D.tmp
#        (D:\workspace\Fan_controller\Class_C\Obj\cayenne_lpp.o
#        D:\workspace\Fan_controller\Class_C\Obj\clock.o
#        D:\workspace\Fan_controller\Class_C\Obj\croutine.o
#        D:\workspace\Fan_controller\Class_C\Obj\event_groups.o
#        D:\workspace\Fan_controller\Class_C\Obj\gpio.o
#        D:\workspace\Fan_controller\Class_C\Obj\heap_1.o
#        D:\workspace\Fan_controller\Class_C\Obj\list.o
#        D:\workspace\Fan_controller\Class_C\Obj\main.o
#        D:\workspace\Fan_controller\Class_C\Obj\modemRHF78-052.o
#        D:\workspace\Fan_controller\Class_C\Obj\port.o
#        D:\workspace\Fan_controller\Class_C\Obj\portasm.o
#        D:\workspace\Fan_controller\Class_C\Obj\queue.o
#        D:\workspace\Fan_controller\Class_C\Obj\RingFIFO.o
#        D:\workspace\Fan_controller\Class_C\Obj\startup_stm32f103xb.o
#        D:\workspace\Fan_controller\Class_C\Obj\stream_buffer.o
#        D:\workspace\Fan_controller\Class_C\Obj\system_stm32f1xx.o
#        D:\workspace\Fan_controller\Class_C\Obj\tasks.o
#        D:\workspace\Fan_controller\Class_C\Obj\timer.o
#        D:\workspace\Fan_controller\Class_C\Obj\timers.o
#        D:\workspace\Fan_controller\Class_C\Obj\uart.o --no_out_extension -o
#        D:\workspace\Fan_controller\Class_C\Exe\Fan_controller.out --redirect
#        _Printf=_PrintfFullNoMb --redirect _Scanf=_ScanfFullNoMb --map
#        D:\workspace\Fan_controller\Class_C\List\Fan_controller.map --config
#        "C:\Program Files (x86)\IAR Systems\Embedded Workbench
#        8.4\arm\config\linker\ST\stm32f103x8.icf" --semihosting --entry
#        __iar_program_start --vfe --text_out locale)
#
###############################################################################

*******************************************************************************
*** RUNTIME MODEL ATTRIBUTES
***

CppFlavor       = *
__SystemLibrary = DLib
__dlib_version  = 6


*******************************************************************************
*** HEAP SELECTION
***

The basic heap was selected because some modules are built with
size limitations (and not runtime checking), and --advanced_heap
was not specified.


*******************************************************************************
*** PLACEMENT SUMMARY
***

"A0":  place at address 0x800'0000 { ro section .intvec };
"P1":  place in [from 0x800'0000 to 0x800'ffff] { ro };
define block CSTACK with size = 2K, alignment = 8 { };
define block HEAP with size = 2K, alignment = 8 { };
"P2":  place in [from 0x2000'0000 to 0x2000'4fff] {
          rw, block CSTACK, block HEAP };
initialize by copy { rw };

  Section            Kind         Address    Size  Object
  -------            ----         -------    ----  ------
"A0":                                        0xec
  .intvec            ro code   0x800'0000    0xec  startup_stm32f103xb.o [1]
                             - 0x800'00ec    0xec

"P1":                                      0x1248
  .text              ro code   0x800'00ec   0x5f4  tasks.o [1]
  .text              ro code   0x800'06e0    0x68  heap_1.o [1]
  .text              ro code   0x800'0748    0x98  list.o [1]
  .text              ro code   0x800'07e0    0xe4  port.o [1]
  CODE               ro code   0x800'08c4    0x88  portasm.o [1]
  .text              ro code   0x800'094c   0x224  uart.o [1]
  .text              ro code   0x800'0b70    0x9a  RingFIFO.o [1]
  .text              ro code   0x800'0c0a    0x3a  zero_init3.o [4]
  .text              ro code   0x800'0c44   0x1d8  timer.o [1]
  .text              ro code   0x800'0e1c    0xc0  gpio.o [1]
  .text              ro code   0x800'0edc    0xec  clock.o [1]
  .text              ro code   0x800'0fc8    0xe8  main.o [1]
  .text              ro code   0x800'10b0    0x58  system_stm32f1xx.o [1]
  .text              ro code   0x800'1108    0x2e  copy_init3.o [4]
  .text              ro code   0x800'1138    0x2c  iarttio.o [5]
  .text              ro code   0x800'1164     0xc  XShttio.o [2]
  .rodata            const     0x800'1170    0x28  main.o [1]
  .text              ro code   0x800'1198    0x28  data_init.o [4]
  .iar.init_table    const     0x800'11c0    0x24  - Linker created -
  .text              ro code   0x800'11e4    0x1e  cmain.o [4]
  .text              ro code   0x800'1202     0x4  low_level_init.o [2]
  .text              ro code   0x800'1206     0x4  exit.o [2]
  .text              ro code   0x800'120c     0xa  cexit.o [4]
  .text              ro code   0x800'1218    0x14  exit.o [5]
  .rodata            const     0x800'122c    0x10  main.o [1]
  .text              ro code   0x800'123c    0x10  startup_stm32f103xb.o [1]
  .rodata            const     0x800'124c     0xc  main.o [1]
  .text              ro code   0x800'1258     0xc  cstartup_M.o [4]
  Initializer bytes  const     0x800'1264     0xc  <for P2-1>
  .rodata            const     0x800'1270     0x8  tasks.o [1]
  .text              ro code   0x800'1278     0x4  startup_stm32f103xb.o [1]
  .text              ro code   0x800'127c     0x4  startup_stm32f103xb.o [1]
  .text              ro code   0x800'1280     0x4  startup_stm32f103xb.o [1]
  .text              ro code   0x800'1284     0x4  startup_stm32f103xb.o [1]
  .text              ro code   0x800'1288     0x4  startup_stm32f103xb.o [1]
  .text              ro code   0x800'128c     0x4  startup_stm32f103xb.o [1]
  .text              ro code   0x800'1290     0x4  startup_stm32f103xb.o [1]
  .text              ro code   0x800'1294     0x4  startup_stm32f103xb.o [1]
  .text              ro code   0x800'1298     0x4  startup_stm32f103xb.o [1]
  .text              ro code   0x800'129c     0x4  startup_stm32f103xb.o [1]
  .text              ro code   0x800'12a0     0x4  startup_stm32f103xb.o [1]
  .text              ro code   0x800'12a4     0x4  startup_stm32f103xb.o [1]
  .text              ro code   0x800'12a8     0x4  startup_stm32f103xb.o [1]
  .text              ro code   0x800'12ac     0x4  startup_stm32f103xb.o [1]
  .text              ro code   0x800'12b0     0x4  startup_stm32f103xb.o [1]
  .text              ro code   0x800'12b4     0x4  startup_stm32f103xb.o [1]
  .text              ro code   0x800'12b8     0x4  startup_stm32f103xb.o [1]
  .text              ro code   0x800'12bc     0x4  startup_stm32f103xb.o [1]
  .text              ro code   0x800'12c0     0x4  startup_stm32f103xb.o [1]
  .text              ro code   0x800'12c4     0x4  startup_stm32f103xb.o [1]
  .text              ro code   0x800'12c8     0x4  startup_stm32f103xb.o [1]
  .text              ro code   0x800'12cc     0x4  startup_stm32f103xb.o [1]
  .text              ro code   0x800'12d0     0x4  startup_stm32f103xb.o [1]
  .text              ro code   0x800'12d4     0x4  startup_stm32f103xb.o [1]
  .text              ro code   0x800'12d8     0x4  startup_stm32f103xb.o [1]
  .text              ro code   0x800'12dc     0x4  startup_stm32f103xb.o [1]
  .text              ro code   0x800'12e0     0x4  startup_stm32f103xb.o [1]
  .text              ro code   0x800'12e4     0x4  startup_stm32f103xb.o [1]
  .text              ro code   0x800'12e8     0x4  startup_stm32f103xb.o [1]
  .text              ro code   0x800'12ec     0x4  startup_stm32f103xb.o [1]
  .text              ro code   0x800'12f0     0x4  startup_stm32f103xb.o [1]
  .text              ro code   0x800'12f4     0x4  startup_stm32f103xb.o [1]
  .text              ro code   0x800'12f8     0x4  startup_stm32f103xb.o [1]
  .text              ro code   0x800'12fc     0x4  startup_stm32f103xb.o [1]
  .text              ro code   0x800'1300     0x4  startup_stm32f103xb.o [1]
  .text              ro code   0x800'1304     0x4  startup_stm32f103xb.o [1]
  .text              ro code   0x800'1308     0x4  startup_stm32f103xb.o [1]
  .text              ro code   0x800'130c     0x4  startup_stm32f103xb.o [1]
  .text              ro code   0x800'1310     0x4  startup_stm32f103xb.o [1]
  .text              ro code   0x800'1314     0x4  startup_stm32f103xb.o [1]
  .text              ro code   0x800'1318     0x4  startup_stm32f103xb.o [1]
  .text              ro code   0x800'131c     0x4  startup_stm32f103xb.o [1]
  .text              ro code   0x800'1320     0x4  startup_stm32f103xb.o [1]
  .text              ro code   0x800'1324     0x4  startup_stm32f103xb.o [1]
  .text              ro code   0x800'1328     0x4  startup_stm32f103xb.o [1]
  .text              ro code   0x800'132c     0x4  startup_stm32f103xb.o [1]
  .text              ro code   0x800'1330     0x4  startup_stm32f103xb.o [1]
  .rodata            const     0x800'1334     0x0  zero_init3.o [4]
  .rodata            const     0x800'1334     0x0  copy_init3.o [4]
                             - 0x800'1334  0x1248

"P2", part 1 of 3:                            0xc
  P2-1                        0x2000'0000     0xc  <Init block>
    .data            inited   0x2000'0000     0x4  port.o [1]
    .data            inited   0x2000'0004     0x8  XShttio.o [2]
                            - 0x2000'000c     0xc

"P2", part 2 of 3:                         0x46c8
  .bss               zero     0x2000'000c  0x4400  heap_1.o [1]
  .bss               zero     0x2000'440c    0xc8  uart.o [1]
  .bss               zero     0x2000'44d4    0xa4  timer.o [1]
  .bss               zero     0x2000'4578    0x64  tasks.o [1]
  .bss               zero     0x2000'45dc    0x34  uart.o [1]
  .bss               zero     0x2000'4610    0x14  tasks.o [1]
  .bss               zero     0x2000'4624    0x14  tasks.o [1]
  .bss               zero     0x2000'4638    0x14  tasks.o [1]
  .bss               zero     0x2000'464c    0x14  tasks.o [1]
  .bss               zero     0x2000'4660    0x14  tasks.o [1]
  .bss               zero     0x2000'4674     0xc  uart.o [1]
  .bss               zero     0x2000'4680     0xc  uart.o [1]
  .bss               zero     0x2000'468c     0x4  heap_1.o [1]
  .bss               zero     0x2000'4690     0x4  heap_1.o [1]
  .bss               zero     0x2000'4694     0x4  tasks.o [1]
  .bss               zero     0x2000'4698     0x4  tasks.o [1]
  .bss               zero     0x2000'469c     0x4  tasks.o [1]
  .bss               zero     0x2000'46a0     0x4  tasks.o [1]
  .bss               zero     0x2000'46a4     0x4  tasks.o [1]
  .bss               zero     0x2000'46a8     0x4  tasks.o [1]
  .bss               zero     0x2000'46ac     0x4  tasks.o [1]
  .bss               zero     0x2000'46b0     0x4  tasks.o [1]
  .bss               zero     0x2000'46b4     0x4  tasks.o [1]
  .bss               zero     0x2000'46b8     0x4  tasks.o [1]
  .bss               zero     0x2000'46bc     0x4  tasks.o [1]
  .bss               zero     0x2000'46c0     0x4  tasks.o [1]
  .bss               zero     0x2000'46c4     0x4  tasks.o [1]
  .bss               zero     0x2000'46c8     0x4  tasks.o [1]
  .bss               zero     0x2000'46cc     0x4  tasks.o [1]
  .bss               zero     0x2000'46d0     0x2  uart.o [1]
  .bss               zero     0x2000'46d2     0x1  timer.o [1]
                            - 0x2000'46d3  0x46c7

"P2", part 3 of 3:                          0x800
  CSTACK                      0x2000'46d8   0x800  <Block>
    CSTACK           uninit   0x2000'46d8   0x800  <Block tail>
                            - 0x2000'4ed8   0x800

Unused ranges:

         From           To    Size
         ----           --    ----
   0x800'1334   0x800'ffff  0xeccc
  0x2000'46d4  0x2000'46d7     0x4
  0x2000'4ed8  0x2000'4fff   0x128


*******************************************************************************
*** INIT TABLE
***

          Address      Size
          -------      ----
Zero (__iar_zero_init3)
    1 destination range, total size 0x46c7:
          0x2000'000c  0x46c7

Copy (__iar_copy_init3)
    1 source range, total size 0xc:
           0x800'1264     0xc
    1 destination range, total size 0xc:
          0x2000'0000     0xc



*******************************************************************************
*** MODULE SUMMARY
***

    Module                 ro code  ro data  rw data
    ------                 -------  -------  -------
command line/config:
    ------------------------------------------------
    Total:

D:\workspace\Fan_controller\Class_C\Obj: [1]
    RingFIFO.o                 154
    clock.o                    236
    gpio.o                     192
    heap_1.o                   104            17'416
    list.o                     152
    main.o                     232       68
    port.o                     228        4        4
    portasm.o                  136
    startup_stm32f103xb.o      440
    system_stm32f1xx.o          88
    tasks.o                  1'524        8      260
    timer.o                    472               165
    uart.o                     548               278
    ------------------------------------------------
    Total:                   4'506       80   18'123

dl7M_tln.a: [2]
    XShttio.o                   12        8        8
    exit.o                       4
    low_level_init.o             4
    ------------------------------------------------
    Total:                      20        8        8

m7M_tl.a: [3]
    ------------------------------------------------
    Total:

rt7M_tl.a: [4]
    cexit.o                     10
    cmain.o                     30
    copy_init3.o                46
    cstartup_M.o                12
    data_init.o                 40
    zero_init3.o                58
    ------------------------------------------------
    Total:                     196

shb_l.a: [5]
    exit.o                      20
    iarttio.o                   44
    ------------------------------------------------
    Total:                      64

    Gaps                         6
    Linker created                       36    2'048
----------------------------------------------------
    Grand Total:             4'792      124   20'179


*******************************************************************************
*** ENTRY LIST
***

Entry                       Address    Size  Type      Object
-----                       -------    ----  ----      ------
.iar.init_table$$Base    0x800'11c0           --   Gb  - Linker created -
.iar.init_table$$Limit   0x800'11e4           --   Gb  - Linker created -
?main                    0x800'11e5          Code  Gb  cmain.o [4]
CSTACK$$Base            0x2000'46d8           --   Gb  - Linker created -
CSTACK$$Limit           0x2000'4ed8           --   Gb  - Linker created -
ClockInit                0x800'0edd    0x86  Code  Gb  clock.o [1]
Decr                     0x800'0b95     0xe  Code  Lc  RingFIFO.o [1]
GPIO_EXTI_Init           0x800'0e1d    0x36  Code  Gb  gpio.o [1]
GPIO_PA6_Mode            0x800'0e53    0x5c  Code  Gb  gpio.o [1]
Incr                     0x800'0b85    0x10  Code  Lc  RingFIFO.o [1]
NVIC_EnableIRQ           0x800'0c45    0x14  Code  Lc  timer.o [1]
NVIC_EnableIRQ           0x800'094d    0x14  Code  Lc  uart.o [1]
PendSV_Handler           0x800'08c5          Code  Gb  portasm.o [1]
PortSetHi                0x800'0eaf     0xa  Code  Gb  gpio.o [1]
PortSetLow               0x800'0eb9     0xa  Code  Gb  gpio.o [1]
RCC_DeInit               0x800'0f63    0x56  Code  Gb  clock.o [1]
RXNEIEnable              0x800'0adb     0xa  Code  Lc  uart.o [1]
Region$$Table$$Base      0x800'11c0           --   Gb  - Linker created -
Region$$Table$$Limit     0x800'11e4           --   Gb  - Linker created -
RingBuffGet              0x800'0bcd    0x3a  Code  Gb  RingFIFO.o [1]
RingBuffInit             0x800'0ba3     0xe  Code  Gb  RingFIFO.o [1]
RingBuffNumOfItems       0x800'0c07     0x4  Code  Gb  RingFIFO.o [1]
RingBuffPut              0x800'0bb1    0x1c  Code  Gb  RingFIFO.o [1]
RingIncr                 0x800'0b71    0x14  Code  Lc  RingFIFO.o [1]
RxPinInit                0x800'0aa3    0x2e  Code  Lc  uart.o [1]
SVC_Handler              0x800'090b          Code  Gb  portasm.o [1]
SysTick_Handler          0x800'0865    0x28  Code  Gb  port.o [1]
SystemInit               0x800'10b1    0x3e  Code  Gb  system_stm32f1xx.o [1]
TIM3_IRQHandler          0x800'0d6b    0x76  Code  Gb  timer.o [1]
TIM3_Init                0x800'0c59    0x24  Code  Gb  timer.o [1]
TIM3_Mode                0x800'0c7d    0xee  Code  Gb  timer.o [1]
TXEIDisable              0x800'0ad1     0xa  Code  Lc  uart.o [1]
TxPinInit                0x800'0a77    0x2c  Code  Lc  uart.o [1]
UARTInitStr              0x800'124c     0xc  Data  Lc  main.o [1]
UART_Init                0x800'0961    0x9c  Code  Gb  uart.o [1]
USART2_IRQHandler        0x800'0ae5    0x52  Code  Gb  uart.o [1]
USART2_IRQHandler::tmp  0x2000'46d0     0x2  Data  Lc  uart.o [1]
__cmain                  0x800'11e5          Code  Gb  cmain.o [4]
__exit                   0x800'1219    0x14  Code  Gb  exit.o [5]
__iar_close_ttio         0x800'1139    0x2c  Code  Gb  iarttio.o [5]
__iar_copy_init3         0x800'1109    0x2e  Code  Gb  copy_init3.o [4]
__iar_data_init3         0x800'1199    0x28  Code  Gb  data_init.o [4]
__iar_lookup_ttioh       0x800'1165     0x4  Code  Gb  XShttio.o [2]
__iar_program_start      0x800'1259          Code  Gb  cstartup_M.o [4]
__iar_ttio_handles      0x2000'0004     0x8  Data  Lc  XShttio.o [2]
__iar_zero_init3         0x800'0c0b    0x3a  Code  Gb  zero_init3.o [4]
__low_level_init         0x800'1203     0x4  Code  Gb  low_level_init.o [2]
__vector_table           0x800'0000          Data  Gb  startup_stm32f103xb.o [1]
_call_main               0x800'11f1          Code  Gb  cmain.o [4]
_exit                    0x800'120d          Code  Gb  cexit.o [4]
_main                    0x800'11ff          Code  Gb  cmain.o [4]
_uart_en                 0x800'0a6d     0xa  Code  Lc  uart.o [1]
_uart_init               0x800'09fd    0x70  Code  Lc  uart.o [1]
exit                     0x800'1207     0x4  Code  Gb  exit.o [2]
main                     0x800'0fc9    0x5a  Code  Gb  main.o [1]
n                       0x2000'46d2     0x1  Data  Gb  timer.o [1]
prvAddCurrentTaskToDelayedList
                         0x800'0631    0x6e  Code  Lc  tasks.o [1]
prvAddNewTaskToReadyList
                         0x800'01ef    0x9a  Code  Lc  tasks.o [1]
prvCheckTasksWaitingTermination
                         0x800'0591    0x36  Code  Lc  tasks.o [1]
prvDeleteTCB             0x800'05c7    0x12  Code  Lc  tasks.o [1]
prvIdleTask              0x800'051d    0x22  Code  Lc  tasks.o [1]
prvInitialiseNewTask     0x800'0159    0x96  Code  Lc  tasks.o [1]
prvInitialiseTaskLists   0x800'053f    0x52  Code  Lc  tasks.o [1]
prvResetNextTaskUnblockTime
                         0x800'05d9    0x28  Code  Lc  tasks.o [1]
prvTaskExitError         0x800'0801    0x10  Code  Lc  port.o [1]
pvPortMalloc             0x800'06e1    0x58  Code  Gb  heap_1.o [1]
pvPortMalloc::pucAlignedHeap
                        0x2000'4690     0x4  Data  Lc  heap_1.o [1]
pxCurrentTCB            0x2000'4694     0x4  Data  Gb  tasks.o [1]
pxDelayedTaskList       0x2000'4698     0x4  Data  Lc  tasks.o [1]
pxOverflowDelayedTaskList
                        0x2000'469c     0x4  Data  Lc  tasks.o [1]
pxPortInitialiseStack    0x800'07e1    0x20  Code  Gb  port.o [1]
pxReadyTasksLists       0x2000'4578    0x64  Data  Lc  tasks.o [1]
rx_buff2                0x2000'440c    0xc8  Data  Lc  uart.o [1]
rx_fifo2                0x2000'4680     0xc  Data  Lc  uart.o [1]
time                    0x2000'44d4    0xa4  Data  Gb  timer.o [1]
tx_buff2                0x2000'45dc    0x34  Data  Lc  uart.o [1]
tx_fifo2                0x2000'4674     0xc  Data  Lc  uart.o [1]
ucHeap                  0x2000'000c  0x4400  Data  Lc  heap_1.o [1]
uxCriticalNesting       0x2000'0000     0x4  Data  Lc  port.o [1]
uxCurrentNumberOfTasks  0x2000'46a4     0x4  Data  Lc  tasks.o [1]
uxDeletedTasksWaitingCleanUp
                        0x2000'46a0     0x4  Data  Lc  tasks.o [1]
uxListRemove             0x800'07bb    0x26  Code  Gb  list.o [1]
uxSchedulerSuspended    0x2000'46cc     0x4  Data  Lc  tasks.o [1]
uxTaskNumber            0x2000'46c0     0x4  Data  Lc  tasks.o [1]
uxTopReadyPriority      0x2000'46ac     0x4  Data  Lc  tasks.o [1]
vFan                     0x800'1025    0x1c  Code  Gb  main.o [1]
vListInitialise          0x800'0749    0x1e  Code  Gb  list.o [1]
vListInitialiseItem      0x800'0767     0x6  Code  Gb  list.o [1]
vListInsert              0x800'0785    0x36  Code  Gb  list.o [1]
vListInsertEnd           0x800'076d    0x18  Code  Gb  list.o [1]
vPortEnterCritical       0x800'0837    0x18  Code  Gb  port.o [1]
vPortExitCritical        0x800'084f    0x16  Code  Gb  port.o [1]
vPortFree                0x800'0739     0x2  Code  Gb  heap_1.o [1]
vPortStartFirstTask      0x800'092b          Code  Gb  portasm.o [1]
vTaskDelay               0x800'0289    0x32  Code  Gb  tasks.o [1]
vTaskStartScheduler      0x800'02bb    0x4e  Code  Gb  tasks.o [1]
vTaskSuspendAll          0x800'0309     0xc  Code  Gb  tasks.o [1]
vTaskSwitchContext       0x800'04c7    0x56  Code  Gb  tasks.o [1]
vTemp_Humi_measurement   0x800'1041    0x5c  Code  Gb  main.o [1]
xDelayedTaskList1       0x2000'4610    0x14  Data  Lc  tasks.o [1]
xDelayedTaskList2       0x2000'4624    0x14  Data  Lc  tasks.o [1]
xIdleTaskHandle         0x2000'46c8     0x4  Data  Lc  tasks.o [1]
xNextFreeByte           0x2000'468c     0x4  Data  Lc  heap_1.o [1]
xNextTaskUnblockTime    0x2000'46c4     0x4  Data  Lc  tasks.o [1]
xNumOfOverflows         0x2000'46bc     0x4  Data  Lc  tasks.o [1]
xPendedTicks            0x2000'46b4     0x4  Data  Lc  tasks.o [1]
xPendingReadyList       0x2000'4638    0x14  Data  Lc  tasks.o [1]
xPortStartScheduler      0x800'0811    0x26  Code  Gb  port.o [1]
xSchedulerRunning       0x2000'46b0     0x4  Data  Lc  tasks.o [1]
xSuspendedTaskList      0x2000'4660    0x14  Data  Lc  tasks.o [1]
xTaskCreate              0x800'00ed    0x6c  Code  Gb  tasks.o [1]
xTaskIncrementTick       0x800'03e3    0xe4  Code  Gb  tasks.o [1]
xTaskResumeAll           0x800'0315    0xce  Code  Gb  tasks.o [1]
xTasksWaitingTermination
                        0x2000'464c    0x14  Data  Lc  tasks.o [1]
xTickCount              0x2000'46a8     0x4  Data  Lc  tasks.o [1]
xYieldPending           0x2000'46b8     0x4  Data  Lc  tasks.o [1]


[1] = D:\workspace\Fan_controller\Class_C\Obj
[2] = dl7M_tln.a
[3] = m7M_tl.a
[4] = rt7M_tl.a
[5] = shb_l.a

   4'792 bytes of readonly  code memory
     124 bytes of readonly  data memory
  20'179 bytes of readwrite data memory

Errors: none
Warnings: none
